Component: ARM Compiler 5.06 update 7 (build 960) Tool: armlink [4d3601]

==============================================================================

Section Cross References

    startup_stm32f10x_md.o(STACK) refers (Special) to heapauxi.o(.text) for __use_two_region_memory
    startup_stm32f10x_md.o(HEAP) refers (Special) to heapauxi.o(.text) for __use_two_region_memory
    startup_stm32f10x_md.o(RESET) refers (Special) to heapauxi.o(.text) for __use_two_region_memory
    startup_stm32f10x_md.o(RESET) refers to startup_stm32f10x_md.o(STACK) for __initial_sp
    startup_stm32f10x_md.o(RESET) refers to startup_stm32f10x_md.o(.text) for Reset_Handler
    startup_stm32f10x_md.o(RESET) refers to stm32f10x_it.o(i.HardFault_Handler) for HardFault_Handler
    startup_stm32f10x_md.o(RESET) refers to stm32f10x_it.o(i.MemManage_Handler) for MemManage_Handler
    startup_stm32f10x_md.o(RESET) refers to stm32f10x_it.o(i.BusFault_Handler) for BusFault_Handler
    startup_stm32f10x_md.o(RESET) refers to stm32f10x_it.o(i.UsageFault_Handler) for UsageFault_Handler
    startup_stm32f10x_md.o(RESET) refers to stm32f10x_it.o(i.SysTick_Handler) for SysTick_Handler
    startup_stm32f10x_md.o(RESET) refers to stm32f10x_it.o(i.USART1_IRQHandler) for USART1_IRQHandler
    startup_stm32f10x_md.o(.text) refers (Special) to heapauxi.o(.text) for __use_two_region_memory
    startup_stm32f10x_md.o(.text) refers to system_stm32f10x.o(i.SystemInit) for SystemInit
    startup_stm32f10x_md.o(.text) refers to __main.o(!!!main) for __main
    startup_stm32f10x_md.o(.text) refers to startup_stm32f10x_md.o(HEAP) for Heap_Mem
    startup_stm32f10x_md.o(.text) refers to startup_stm32f10x_md.o(STACK) for Stack_Mem
    system_stm32f10x.o(i.SetSysClock) refers to system_stm32f10x.o(i.SetSysClockTo72) for SetSysClockTo72
    system_stm32f10x.o(i.SystemCoreClockUpdate) refers to system_stm32f10x.o(.data) for SystemCoreClock
    system_stm32f10x.o(i.SystemInit) refers to system_stm32f10x.o(i.SetSysClock) for SetSysClock
    stm32f10x_adc.o(i.ADC_DeInit) refers to stm32f10x_rcc.o(i.RCC_APB2PeriphResetCmd) for RCC_APB2PeriphResetCmd
    stm32f10x_bkp.o(i.BKP_DeInit) refers to stm32f10x_rcc.o(i.RCC_BackupResetCmd) for RCC_BackupResetCmd
    stm32f10x_can.o(i.CAN_DeInit) refers to stm32f10x_rcc.o(i.RCC_APB1PeriphResetCmd) for RCC_APB1PeriphResetCmd
    stm32f10x_can.o(i.CAN_GetITStatus) refers to stm32f10x_can.o(i.CheckITStatus) for CheckITStatus
    stm32f10x_cec.o(i.CEC_DeInit) refers to stm32f10x_rcc.o(i.RCC_APB1PeriphResetCmd) for RCC_APB1PeriphResetCmd
    stm32f10x_dac.o(i.DAC_DeInit) refers to stm32f10x_rcc.o(i.RCC_APB1PeriphResetCmd) for RCC_APB1PeriphResetCmd
    stm32f10x_flash.o(i.FLASH_EnableWriteProtection) refers to stm32f10x_flash.o(i.FLASH_WaitForLastOperation) for FLASH_WaitForLastOperation
    stm32f10x_flash.o(i.FLASH_EraseAllBank1Pages) refers to stm32f10x_flash.o(i.FLASH_WaitForLastBank1Operation) for FLASH_WaitForLastBank1Operation
    stm32f10x_flash.o(i.FLASH_EraseAllPages) refers to stm32f10x_flash.o(i.FLASH_WaitForLastOperation) for FLASH_WaitForLastOperation
    stm32f10x_flash.o(i.FLASH_EraseOptionBytes) refers to stm32f10x_flash.o(i.FLASH_GetReadOutProtectionStatus) for FLASH_GetReadOutProtectionStatus
    stm32f10x_flash.o(i.FLASH_EraseOptionBytes) refers to stm32f10x_flash.o(i.FLASH_WaitForLastOperation) for FLASH_WaitForLastOperation
    stm32f10x_flash.o(i.FLASH_ErasePage) refers to stm32f10x_flash.o(i.FLASH_WaitForLastOperation) for FLASH_WaitForLastOperation
    stm32f10x_flash.o(i.FLASH_ProgramHalfWord) refers to stm32f10x_flash.o(i.FLASH_WaitForLastOperation) for FLASH_WaitForLastOperation
    stm32f10x_flash.o(i.FLASH_ProgramOptionByteData) refers to stm32f10x_flash.o(i.FLASH_WaitForLastOperation) for FLASH_WaitForLastOperation
    stm32f10x_flash.o(i.FLASH_ProgramWord) refers to stm32f10x_flash.o(i.FLASH_WaitForLastOperation) for FLASH_WaitForLastOperation
    stm32f10x_flash.o(i.FLASH_ReadOutProtection) refers to stm32f10x_flash.o(i.FLASH_WaitForLastOperation) for FLASH_WaitForLastOperation
    stm32f10x_flash.o(i.FLASH_UserOptionByteConfig) refers to stm32f10x_flash.o(i.FLASH_WaitForLastOperation) for FLASH_WaitForLastOperation
    stm32f10x_flash.o(i.FLASH_WaitForLastBank1Operation) refers to stm32f10x_flash.o(i.FLASH_GetBank1Status) for FLASH_GetBank1Status
    stm32f10x_flash.o(i.FLASH_WaitForLastOperation) refers to stm32f10x_flash.o(i.FLASH_GetBank1Status) for FLASH_GetBank1Status
    stm32f10x_gpio.o(i.GPIO_AFIODeInit) refers to stm32f10x_rcc.o(i.RCC_APB2PeriphResetCmd) for RCC_APB2PeriphResetCmd
    stm32f10x_gpio.o(i.GPIO_DeInit) refers to stm32f10x_rcc.o(i.RCC_APB2PeriphResetCmd) for RCC_APB2PeriphResetCmd
    stm32f10x_i2c.o(i.I2C_DeInit) refers to stm32f10x_rcc.o(i.RCC_APB1PeriphResetCmd) for RCC_APB1PeriphResetCmd
    stm32f10x_i2c.o(i.I2C_Init) refers to stm32f10x_rcc.o(i.RCC_GetClocksFreq) for RCC_GetClocksFreq
[...]
    i.NVIC_SystemReset                       0x08000b24   Section        0  stm32f10x_it.o(i.NVIC_SystemReset)
    NVIC_SystemReset                         0x08000b25   Thumb Code    26  stm32f10x_it.o(i.NVIC_SystemReset)
    i.OLED_BspInit                           0x08000b48   Section        0  bsp_oled.o(i.OLED_BspInit)
    i.OLED_Clear                             0x08000c74   Section        0  bsp_oled.o(i.OLED_Clear)
    i.OLED_ShowTelemetry                     0x08000cbc   Section        0  bsp_oled.o(i.OLED_ShowTelemetry)
    i.PID_Init                               0x08000f50   Section        0  pid.o(i.PID_Init)
    i.PID_Reset                              0x08000f6c   Section        0  pid.o(i.PID_Reset)
    i.PID_Update                             0x08000f78   Section        0  pid.o(i.PID_Update)
    i.Protocol_FeedByte                      0x080010c4   Section        0  protocol.o(i.Protocol_FeedByte)
    i.Protocol_GetCommand                    0x08001208   Section        0  protocol.o(i.Protocol_GetCommand)
    i.Protocol_GetDiagnostics                0x08001268   Section        0  protocol.o(i.Protocol_GetDiagnostics)
    i.Protocol_Init                          0x080012d0   Section        0  protocol.o(i.Protocol_Init)
    i.Protocol_SendTelemetry                 0x0800131c   Section        0  protocol.o(i.Protocol_SendTelemetry)
    i.RCC_APB1PeriphClockCmd                 0x080013c4   Section        0  stm32f10x_rcc.o(i.RCC_APB1PeriphClockCmd)
    i.RCC_APB2PeriphClockCmd                 0x080013e4   Section        0  stm32f10x_rcc.o(i.RCC_APB2PeriphClockCmd)
    i.RCC_GetClocksFreq                      0x08001404   Section        0  stm32f10x_rcc.o(i.RCC_GetClocksFreq)
    i.SetSysClock                            0x080014d8   Section        0  system_stm32f10x.o(i.SetSysClock)
    SetSysClock                              0x080014d9   Thumb Code     8  system_stm32f10x.o(i.SetSysClock)
    i.SetSysClockTo72                        0x080014e0   Section        0  system_stm32f10x.o(i.SetSysClockTo72)
    SetSysClockTo72                          0x080014e1   Thumb Code   214  system_stm32f10x.o(i.SetSysClockTo72)
    i.SysTick_BspInit                        0x080015c0   Section        0  bsp_systick.o(i.SysTick_BspInit)
    i.SysTick_Handler                        0x08001618   Section        0  stm32f10x_it.o(i.SysTick_Handler)
    i.SysTick_IncTick                        0x08001620   Section        0  bsp_systick.o(i.SysTick_IncTick)
    i.SysTick_Millis                         0x08001630   Section        0  bsp_systick.o(i.SysTick_Millis)
    i.SystemInit                             0x0800163c   Section        0  system_stm32f10x.o(i.SystemInit)
    i.TI1_Config                             0x0800169c   Section        0  stm32f10x_tim.o(i.TI1_Config)
    TI1_Config                               0x0800169d   Thumb Code   108  stm32f10x_tim.o(i.TI1_Config)
    i.TI2_Config                             0x0800171c   Section        0  stm32f10x_tim.o(i.TI2_Config)
    TI2_Config                               0x0800171d   Thumb Code   130  stm32f10x_tim.o(i.TI2_Config)
    i.TI3_Config                             0x080017b4   Section        0  stm32f10x_tim.o(i.TI3_Config)
    TI3_Config                               0x080017b5   Thumb Code   122  stm32f10x_tim.o(i.TI3_Config)
    i.TI4_Config                             0x08001844   Section        0  stm32f10x_tim.o(i.TI4_Config)
    TI4_Config                               0x08001845   Thumb Code   130  stm32f10x_tim.o(i.TI4_Config)
    i.TIM_ARRPreloadConfig                   0x080018dc   Section        0  stm32f10x_tim.o(i.TIM_ARRPreloadConfig)
    i.TIM_Cmd                                0x080018f4   Section        0  stm32f10x_tim.o(i.TIM_Cmd)
    i.TIM_EncoderInterfaceConfig             0x0800190c   Section        0  stm32f10x_tim.o(i.TIM_EncoderInterfaceConfig)
    i.TIM_GetCounter                         0x0800194e   Section        0  stm32f10x_tim.o(i.TIM_GetCounter)
    i.TIM_ICInit                             0x08001954   Section        0  stm32f10x_tim.o(i.TIM_ICInit)
    i.TIM_ICStructInit                       0x08001a00   Section        0  stm32f10x_tim.o(i.TIM_ICStructInit)
    i.TIM_OC1Init                            0x08001a14   Section        0  stm32f10x_tim.o(i.TIM_OC1Init)
    i.TIM_OC1PreloadConfig                   0x08001aac   Section        0  stm32f10x_tim.o(i.TIM_OC1PreloadConfig)
    i.TIM_OC2Init                            0x08001ac0   Section        0  stm32f10x_tim.o(i.TIM_OC2Init)
    i.TIM_OC2PreloadConfig                   0x08001b64   Section        0  stm32f10x_tim.o(i.TIM_OC2PreloadConfig)
    i.TIM_OCStructInit                       0x08001b7e   Section        0  stm32f10x_tim.o(i.TIM_OCStructInit)
    i.TIM_SetCompare1                        0x08001b92   Section        0  stm32f10x_tim.o(i.TIM_SetCompare1)
    i.TIM_SetCompare2                        0x08001b96   Section        0  stm32f10x_tim.o(i.TIM_SetCompare2)
    i.TIM_SetCounter                         0x08001b9a   Section        0  stm32f10x_tim.o(i.TIM_SetCounter)
    i.TIM_SetIC1Prescaler                    0x08001b9e   Section        0  stm32f10x_tim.o(i.TIM_SetIC1Prescaler)
    i.TIM_SetIC2Prescaler                    0x08001bb0   Section        0  stm32f10x_tim.o(i.TIM_SetIC2Prescaler)
    i.TIM_SetIC3Prescaler                    0x08001bca   Section        0  stm32f10x_tim.o(i.TIM_SetIC3Prescaler)
    i.TIM_SetIC4Prescaler                    0x08001bdc   Section        0  stm32f10x_tim.o(i.TIM_SetIC4Prescaler)
    i.TIM_TimeBaseInit                       0x08001bf8   Section        0  stm32f10x_tim.o(i.TIM_TimeBaseInit)
    i.TIM_TimeBaseStructInit                 0x08001c9c   Section        0  stm32f10x_tim.o(i.TIM_TimeBaseStructInit)
    i.USART1_BspInit                         0x08001cb0   Section        0  bsp_usart.o(i.USART1_BspInit)
    i.USART1_IRQHandler                      0x08001d68   Section        0  stm32f10x_it.o(i.USART1_IRQHandler)
    i.USART1_SendBuffer                      0x08001dd0   Section        0  bsp_usart.o(i.USART1_SendBuffer)
    i.USART1_TxIrqHandler                    0x08001e88   Section        0  bsp_usart.o(i.USART1_TxIrqHandler)
    i.USART_ClearITPendingBit                0x08001ee0   Section        0  stm32f10x_usart.o(i.USART_ClearITPendingBit)
    i.USART_Cmd                              0x08001efe   Section        0  stm32f10x_usart.o(i.USART_Cmd)
    i.USART_GetFlagStatus                    0x08001f16   Section        0  stm32f10x_usart.o(i.USART_GetFlagStatus)
    i.USART_GetITStatus                      0x08001f30   Section        0  stm32f10x_usart.o(i.USART_GetITStatus)
    i.USART_ITConfig                         0x08001f84   Section        0  stm32f10x_usart.o(i.USART_ITConfig)
    i.USART_Init                             0x08001fd0   Section        0  stm32f10x_usart.o(i.USART_Init)
    i.USART_ReceiveData                      0x080020a8   Section        0  stm32f10x_usart.o(i.USART_ReceiveData)
    i.USART_SendData                         0x080020b2   Section        0  stm32f10x_usart.o(i.USART_SendData)
    i.USART_StructInit                       0x080020ba   Section        0  stm32f10x_usart.o(i.USART_StructInit)
    i.UsageFault_Handler                     0x080020d2   Section        0  stm32f10x_it.o(i.UsageFault_Handler)
    i.__ARM_fpclassifyf                      0x080020dc   Section        0  fpclassifyf.o(i.__ARM_fpclassifyf)
    i.__mathlib_flt_infnan                   0x08002102   Section        0  funder.o(i.__mathlib_flt_infnan)
    i.__mathlib_flt_infnan2                  0x08002108   Section        0  funder.o(i.__mathlib_flt_infnan2)
    i.__mathlib_flt_invalid                  0x0800210c   Section        0  funder.o(i.__mathlib_flt_invalid)
    i.__mathlib_flt_underflow                0x08002114   Section        0  funder.o(i.__mathlib_flt_underflow)
    i.__mathlib_rredf2                       0x08002120   Section        0  rredf.o(i.__mathlib_rredf2)
    i.abs_limit_pwm                          0x08002288   Section        0  bsp_motor.o(i.abs_limit_pwm)
    abs_limit_pwm                            0x08002289   Thumb Code    24  bsp_motor.o(i.abs_limit_pwm)
    i.atan2f                                 0x080022a0   Section        0  atan2f.o(i.atan2f)
    i.clear_pose_and_speed                   0x08002544   Section        0  motion_control.o(i.clear_pose_and_speed)
    clear_pose_and_speed                     0x08002545   Thumb Code    38  motion_control.o(i.clear_pose_and_speed)
    i.cosf                                   0x08002584   Section        0  cosf.o(i.cosf)
    i.decode_frame                           0x08002700   Section        0  protocol.o(i.decode_frame)
    decode_frame                             0x08002701   Thumb Code   188  protocol.o(i.decode_frame)
    i.encoder_timer_init                     0x080027bc   Section        0  bsp_encoder.o(i.encoder_timer_init)
    encoder_timer_init                       0x080027bd   Thumb Code   116  bsp_encoder.o(i.encoder_timer_init)
    i.fast_sincos                            0x08002830   Section        0  motion_control.o(i.fast_sincos)
    fast_sincos                              0x08002831   Thumb Code   112  motion_control.o(i.fast_sincos)
    i.fault_shutdown_motor                   0x080028ac   Section        0  stm32f10x_it.o(i.fault_shutdown_motor)
    fault_shutdown_motor                     0x080028ad   Thumb Code    22  stm32f10x_it.o(i.fault_shutdown_motor)
    i.font5x7                                0x080028c8   Section        0  bsp_oled.o(i.font5x7)
    font5x7                                  0x080028c9   Thumb Code    96  bsp_oled.o(i.font5x7)
    i.get_i16_le                             0x08002944   Section        0  protocol.o(i.get_i16_le)
    get_i16_le                               0x08002945   Thumb Code    14  protocol.o(i.get_i16_le)
    i.get_u16_le                             0x08002952   Section        0  protocol.o(i.get_u16_le)
    get_u16_le                               0x08002953   Thumb Code    12  protocol.o(i.get_u16_le)
    i.goal_controller                        0x08002960   Section        0  motion_control.o(i.goal_controller)
    goal_controller                          0x08002961   Thumb Code   362  motion_control.o(i.goal_controller)
    i.i2c_start                              0x08002b0c   Section        0  bsp_oled.o(i.i2c_start)
    i2c_start                                0x08002b0d   Thumb Code    20  bsp_oled.o(i.i2c_start)
    i.i2c_stop                               0x08002b20   Section        0  bsp_oled.o(i.i2c_stop)
    i2c_stop                                 0x08002b21   Thumb Code    16  bsp_oled.o(i.i2c_stop)
    i.i2c_write_byte                         0x08002b30   Section        0  bsp_oled.o(i.i2c_write_byte)
    i2c_write_byte                           0x08002b31   Thumb Code    80  bsp_oled.o(i.i2c_write_byte)
    i.limit_command_accel                    0x08002b84   Section        0  motion_control.o(i.limit_command_accel)
    limit_command_accel                      0x08002b85   Thumb Code    78  motion_control.o(i.limit_command_accel)
    i.line_finish                            0x08002be4   Section        0  bsp_oled.o(i.line_finish)
    line_finish                              0x08002be5   Thumb Code    18  bsp_oled.o(i.line_finish)
    i.line_put_char                          0x08002bf6   Section        0  bsp_oled.o(i.line_put_char)
    line_put_char                            0x08002bf7   Thumb Code    10  bsp_oled.o(i.line_put_char)
    i.line_put_i32                           0x08002c00   Section        0  bsp_oled.o(i.line_put_i32)
    line_put_i32                             0x08002c01   Thumb Code    38  bsp_oled.o(i.line_put_i32)
    i.line_put_str                           0x08002c26   Section        0  bsp_oled.o(i.line_put_str)
    line_put_str                             0x08002c27   Thumb Code    20  bsp_oled.o(i.line_put_str)
    i.line_put_u32                           0x08002c3a   Section        0  bsp_oled.o(i.line_put_u32)
    line_put_u32                             0x08002c3b   Thumb Code    66  bsp_oled.o(i.line_put_u32)
    i.main                                   0x08002c7c   Section        0  main.o(i.main)
    i.mode_text                              0x08002d0c   Section        0  bsp_oled.o(i.mode_text)
    mode_text                                0x08002d0d   Thumb Code    38  bsp_oled.o(i.mode_text)
    i.motor_disable_driver                   0x08002d58   Section        0  bsp_motor.o(i.motor_disable_driver)
    motor_disable_driver                     0x08002d59   Thumb Code    12  bsp_motor.o(i.motor_disable_driver)
    i.motor_enable_driver                    0x08002d68   Section        0  bsp_motor.o(i.motor_enable_driver)
    motor_enable_driver                      0x08002d69   Thumb Code    12  bsp_motor.o(i.motor_enable_driver)
    i.normalize_mrad                         0x08002d78   Section        0  motion_control.o(i.normalize_mrad)
    normalize_mrad                           0x08002d79   Thumb Code   100  motion_control.o(i.normalize_mrad)
    i.oled_begin_data                        0x08002de8   Section        0  bsp_oled.o(i.oled_begin_data)
    oled_begin_data                          0x08002de9   Thumb Code    10  bsp_oled.o(i.oled_begin_data)
    i.oled_begin_write                       0x08002df2   Section        0  bsp_oled.o(i.oled_begin_write)
    oled_begin_write                         0x08002df3   Thumb Code    36  bsp_oled.o(i.oled_begin_write)
    i.oled_delay                             0x08002e16   Section        0  bsp_oled.o(i.oled_delay)
    oled_delay                               0x08002e17   Thumb Code    28  bsp_oled.o(i.oled_delay)
    i.oled_set_pos                           0x08002e32   Section        0  bsp_oled.o(i.oled_set_pos)
    oled_set_pos                             0x08002e33   Thumb Code    36  bsp_oled.o(i.oled_set_pos)
    i.oled_write_char_stream                 0x08002e56   Section        0  bsp_oled.o(i.oled_write_char_stream)
    oled_write_char_stream                   0x08002e57   Thumb Code    38  bsp_oled.o(i.oled_write_char_stream)
    i.oled_write_cmd                         0x08002e7c   Section        0  bsp_oled.o(i.oled_write_cmd)
    oled_write_cmd                           0x08002e7d   Thumb Code    24  bsp_oled.o(i.oled_write_cmd)
    i.oled_write_line                        0x08002e94   Section        0  bsp_oled.o(i.oled_write_line)
    oled_write_line                          0x08002e95   Thumb Code    76  bsp_oled.o(i.oled_write_line)
    i.process_command                        0x08002ee4   Section        0  main.o(i.process_command)
    process_command                          0x08002ee5   Thumb Code    80  main.o(i.process_command)
    i.publish_command                        0x08002f34   Section        0  protocol.o(i.publish_command)
    publish_command                          0x08002f35   Thumb Code   148  protocol.o(i.publish_command)
    i.put_i16_le                             0x08002fdc   Section        0  protocol.o(i.put_i16_le)
    put_i16_le                               0x08002fdd   Thumb Code    16  protocol.o(i.put_i16_le)
    i.put_u16_le                             0x08002fec   Section        0  protocol.o(i.put_u16_le)
    put_u16_le                               0x08002fed   Thumb Code     8  protocol.o(i.put_u16_le)
    i.pwm_compare_for_cmd                    0x08002ff4   Section        0  bsp_motor.o(i.pwm_compare_for_cmd)
    pwm_compare_for_cmd                      0x08002ff5   Thumb Code    20  bsp_motor.o(i.pwm_compare_for_cmd)
    i.pwm_from_float                         0x08003008   Section        0  motion_control.o(i.pwm_from_float)
    pwm_from_float                           0x08003009   Thumb Code    26  motion_control.o(i.pwm_from_float)
    i.rx_resync_from_byte                    0x0800302c   Section        0  protocol.o(i.rx_resync_from_byte)
    rx_resync_from_byte                      0x0800302d   Thumb Code    30  protocol.o(i.rx_resync_from_byte)
    i.scl_high                               0x08003054   Section        0  bsp_oled.o(i.scl_high)
    scl_high                                 0x08003055   Thumb Code    18  bsp_oled.o(i.scl_high)
    i.scl_low                                0x0800306c   Section        0  bsp_oled.o(i.scl_low)
    scl_low                                  0x0800306d   Thumb Code    18  bsp_oled.o(i.scl_low)
    i.sda_high                               0x08003084   Section        0  bsp_oled.o(i.sda_high)
    sda_high                                 0x08003085   Thumb Code    18  bsp_oled.o(i.sda_high)
    i.sda_low                                0x0800309c   Section        0  bsp_oled.o(i.sda_low)
    sda_low                                  0x0800309d   Thumb Code    18  bsp_oled.o(i.sda_low)
    i.send_telemetry                         0x080030b4   Section        0  main.o(i.send_telemetry)
    send_telemetry                           0x080030b5   Thumb Code    92  main.o(i.send_telemetry)
    i.set_coast                              0x08003110   Section        0  bsp_motor.o(i.set_coast)
    set_coast                                0x08003111   Thumb Code    20  bsp_motor.o(i.set_coast)
    i.set_dir                                0x08003124   Section        0  bsp_motor.o(i.set_dir)
    set_dir                                  0x08003125   Thumb Code    70  bsp_motor.o(i.set_dir)
    i.sinf                                   0x0800316c   Section        0  sinf.o(i.sinf)
    i.slew_limit                             0x080032f4   Section        0  motion_control.o(i.slew_limit)
    slew_limit                               0x080032f5   Thumb Code    70  motion_control.o(i.slew_limit)
    i.sqrtf                                  0x0800333a   Section        0  sqrtf.o(i.sqrtf)
    i.stop_and_reset_pid                     0x08003368   Section        0  motion_control.o(i.stop_and_reset_pid)
    stop_and_reset_pid                       0x08003369   Thumb Code    38  motion_control.o(i.stop_and_reset_pid)
    i.timer_delta                            0x080033a8   Section        0  bsp_encoder.o(i.timer_delta)
    timer_delta                              0x080033a9   Thumb Code    24  bsp_encoder.o(i.timer_delta)
    i.to_i16                                 0x080033c0   Section        0  main.o(i.to_i16)
    to_i16                                   0x080033c1   Thumb Code    46  main.o(i.to_i16)
    i.update_encoder_feedback                0x080033f8   Section        0  motion_control.o(i.update_encoder_feedback)
    update_encoder_feedback                  0x080033f9   Thumb Code    26  motion_control.o(i.update_encoder_feedback)
    i.update_encoder_feedback_from_ticks     0x08003414   Section        0  motion_control.o(i.update_encoder_feedback_from_ticks)
    update_encoder_feedback_from_ticks       0x08003415   Thumb Code    78  motion_control.o(i.update_encoder_feedback_from_ticks)
    i.update_heading_vector                  0x08003470   Section        0  motion_control.o(i.update_heading_vector)
    update_heading_vector                    0x08003471   Thumb Code   218  motion_control.o(i.update_heading_vector)
    i.update_odometry                        0x08003560   Section        0  motion_control.o(i.update_odometry)
    update_odometry                          0x08003561   Thumb Code   222  motion_control.o(i.update_odometry)
    i.update_oled                            0x08003654   Section        0  main.o(i.update_oled)
    update_oled                              0x08003655   Thumb Code    28  main.o(i.update_oled)
    i.watchdog_feed                          0x08003670   Section        0  main.o(i.watchdog_feed)
    watchdog_feed                            0x08003671   Thumb Code     8  main.o(i.watchdog_feed)
    i.watchdog_init                          0x08003678   Section        0  main.o(i.watchdog_init)
    watchdog_init                            0x08003679   Thumb Code    42  main.o(i.watchdog_init)
    x$fpl$fadd                               0x080036a4   Section      196  faddsub_clz.o(x$fpl$fadd)
    _fadd1                                   0x080036b3   Thumb Code     0  faddsub_clz.o(x$fpl$fadd)
    x$fpl$fcheck1                            0x08003768   Section       12  fcheck1.o(x$fpl$fcheck1)
    x$fpl$fcmpinf                            0x08003774   Section       24  fcmpi.o(x$fpl$fcmpinf)
    x$fpl$fdiv                               0x0800378c   Section      388  fdiv.o(x$fpl$fdiv)
    _fdiv1                                   0x0800378d   Thumb Code     0  fdiv.o(x$fpl$fdiv)
    x$fpl$ffix                               0x08003910   Section       54  ffix.o(x$fpl$ffix)
    x$fpl$fflt                               0x08003948   Section       48  fflt_clz.o(x$fpl$fflt)
    x$fpl$ffltu                              0x08003978   Section       38  fflt_clz.o(x$fpl$ffltu)
    x$fpl$fleqf                              0x080039a0   Section      104  fleqf.o(x$fpl$fleqf)
    x$fpl$fmul                               0x08003a08   Section      258  fmul.o(x$fpl$fmul)
    x$fpl$fnaninf                            0x08003b0a   Section      140  fnaninf.o(x$fpl$fnaninf)
    x$fpl$fretinf                            0x08003b96   Section       10  fretinf.o(x$fpl$fretinf)
    x$fpl$frleqf                             0x08003ba0   Section       98  frleqf.o(x$fpl$frleqf)
    x$fpl$frnd                               0x08003c04   Section       96  frnd.o(x$fpl$frnd)
    x$fpl$frsb                               0x08003c64   Section       20  faddsub_clz.o(x$fpl$frsb)
    x$fpl$fsqrt                              0x08003c78   Section      272  fsqrt.o(x$fpl$fsqrt)
    x$fpl$fsub                               0x08003d88   Section      234  faddsub_clz.o(x$fpl$fsub)
    _fsub1                                   0x08003d97   Thumb Code     0  faddsub_clz.o(x$fpl$fsub)
    x$fpl$retnan                             0x08003e72   Section      100  retnan.o(x$fpl$retnan)
    x$fpl$scalbnf                            0x08003ed6   Section       76  scalbnf.o(x$fpl$scalbnf)
    x$fpl$trapveneer                         0x08003f22   Section       48  trapv.o(x$fpl$trapveneer)
    .constdata                               0x08003f52   Section      205  bsp_oled.o(.constdata)
    x$fpl$usenofp                            0x08003f52   Section        0  usenofp.o(x$fpl$usenofp)
    blank                                    0x08003f52   Data           5  bsp_oled.o(.constdata)
    dash                                     0x08003f57   Data           5  bsp_oled.o(.constdata)
    colon                                    0x08003f5c   Data           5  bsp_oled.o(.constdata)
    dot                                      0x08003f61   Data           5  bsp_oled.o(.constdata)
    slash                                    0x08003f66   Data           5  bsp_oled.o(.constdata)
    digits                                   0x08003f6b   Data          50  bsp_oled.o(.constdata)
    letters                                  0x08003f9d   Data         130  bsp_oled.o(.constdata)
    .constdata                               0x08004020   Section       32  rredf.o(.constdata)
    twooverpi                                0x08004020   Data          32  rredf.o(.constdata)
    .data                                    0x20000000   Section       20  stm32f10x_rcc.o(.data)
    APBAHBPrescTable                         0x20000000   Data          16  stm32f10x_rcc.o(.data)
    ADCPrescTable                            0x20000010   Data           4  stm32f10x_rcc.o(.data)
    .data                                    0x20000014   Section        4  bsp_encoder.o(.data)
    g_left_last_count                        0x20000014   Data           2  bsp_encoder.o(.data)
    g_right_last_count                       0x20000016   Data           2  bsp_encoder.o(.data)
    .data                                    0x20000018   Section        8  bsp_oled.o(.data)
    g_oled_ready                             0x20000018   Data           1  bsp_oled.o(.data)
    s_oled_updates                           0x2000001c   Data           4  bsp_oled.o(.data)
    .data                                    0x20000020   Section        4  bsp_systick.o(.data)
    g_ms_ticks                               0x20000020   Data           4  bsp_systick.o(.data)
    .data                                    0x20000024   Section        5  bsp_usart.o(.data)
    g_tx_head                                0x20000024   Data           2  bsp_usart.o(.data)
    g_tx_tail                                0x20000026   Data           2  bsp_usart.o(.data)
    g_tx_busy                                0x20000028   Data           1  bsp_usart.o(.data)
    .data                                    0x2000002c   Section       65  motion_control.o(.data)
    g_mode                                   0x2000002c   Data           1  motion_control.o(.data)
    g_left_speed_mm_s                        0x20000030   Data           4  motion_control.o(.data)
    g_right_speed_mm_s                       0x20000034   Data           4  motion_control.o(.data)
    g_cmd_v_mm_s                             0x20000038   Data           4  motion_control.o(.data)
    g_cmd_w_mrad_s                           0x2000003c   Data           4  motion_control.o(.data)
    g_limited_v_mm_s                         0x20000040   Data           4  motion_control.o(.data)
    g_limited_w_mrad_s                       0x20000044   Data           4  motion_control.o(.data)
    g_goal_x_mm                              0x20000048   Data           4  motion_control.o(.data)
    g_goal_y_mm                              0x2000004c   Data           4  motion_control.o(.data)
    g_goal_arrive_ms                         0x20000050   Data           2  motion_control.o(.data)
    g_last_cmd_ms                            0x20000054   Data           4  motion_control.o(.data)
    g_goal_start_ms                          0x20000058   Data           4  motion_control.o(.data)
    g_heading_cos                            0x2000005c   Data           4  motion_control.o(.data)
    g_heading_sin                            0x20000060   Data           4  motion_control.o(.data)
    g_heading_renorm_count                   0x20000064   Data           1  motion_control.o(.data)
    s_last_update_ms                         0x20000068   Data           4  motion_control.o(.data)
    s_has_last_update                        0x2000006c   Data           1  motion_control.o(.data)
    .data                                    0x2000006d   Section        8  protocol.o(.data)
    g_cmd_head                               0x2000006d   Data           1  protocol.o(.data)
    g_cmd_tail                               0x2000006e   Data           1  protocol.o(.data)
    g_cmd_count                              0x2000006f   Data           1  protocol.o(.data)
    g_rx_state                               0x20000070   Data           1  protocol.o(.data)
    g_rx_type                                0x20000071   Data           1  protocol.o(.data)
    g_rx_len                                 0x20000072   Data           1  protocol.o(.data)
    g_rx_index                               0x20000073   Data           1  protocol.o(.data)
    g_rx_checksum                            0x20000074   Data           1  protocol.o(.data)
    .bss                                     0x20000078   Section       64  bsp_usart.o(.bss)
    g_tx_buf                                 0x20000078   Data          64  bsp_usart.o(.bss)
    .bss                                     0x200000b8   Section       76  motion_control.o(.bss)
    g_left_pid                               0x200000b8   Data          32  motion_control.o(.bss)
    g_right_pid                              0x200000d8   Data          32  motion_control.o(.bss)
    g_odom                                   0x200000f8   Data          12  motion_control.o(.bss)
    .bss                                     0x20000104   Section      100  protocol.o(.bss)
    g_cmd_queue                              0x20000104   Data          48  protocol.o(.bss)
    g_payload                                0x20000134   Data          16  protocol.o(.bss)
    g_diag                                   0x20000144   Data          36  protocol.o(.bss)
    .bss                                     0x20000168   Section       96  libspace.o(.bss)
    HEAP                                     0x200001c8   Section      512  startup_stm32f10x_md.o(HEAP)
    Heap_Mem                                 0x200001c8   Data         512  startup_stm32f10x_md.o(HEAP)
    STACK                                    0x200003c8   Section     1024  startup_stm32f10x_md.o(STACK)
    Stack_Mem                                0x200003c8   Data        1024  startup_stm32f10x_md.o(STACK)
    __initial_sp                             0x200007c8   Data           0  startup_stm32f10x_md.o(STACK)

    Global Symbols

    Symbol Name                              Value     Ov Type        Size  Object(Section)

    BuildAttributes$$THM_ISAv4$P$D$K$B$S$PE$A:L22UL41UL21$X:L11$S22US41US21$IEEE1$IW$USESV6$~STKCKD$USESV7$~SHL$OTIME$ROPI$IEEEX$EBA8$UX$STANDARDLIB$REQ8$PRES8$EABIv2 0x00000000   Number         0  anon$$obj.o ABSOLUTE
    __ARM_use_no_argv                        0x00000000   Number         0  main.o ABSOLUTE
    __ARM_exceptions_init                     - Undefined Weak Reference
    __alloca_initialize                       - Undefined Weak Reference
    __arm_fini_                               - Undefined Weak Reference
    __arm_preinit_                            - Undefined Weak Reference
    __cpp_initialize__aeabi_                  - Undefined Weak Reference
    __cxa_finalize                            - Undefined Weak Reference
    __rt_locale                               - Undefined Weak Reference
    __sigvec_lookup                           - Undefined Weak Reference
    _atexit_init                              - Undefined Weak Reference
    _call_atexit_fns                          - Undefined Weak Reference
    _clock_init                               - Undefined Weak Reference
    _fp_trap_init                             - Undefined Weak Reference
    _fp_trap_shutdown                         - Undefined Weak Reference
    _get_lc_collate                           - Undefined Weak Reference
    _get_lc_ctype                             - Undefined Weak Reference
    _get_lc_monetary                          - Undefined Weak Reference
    _get_lc_numeric                           - Undefined Weak Reference
    _get_lc_time                              - Undefined Weak Reference
    _getenv_init                              - Undefined Weak Reference
    _handle_redirection                       - Undefined Weak Reference
    _init_alloc                               - Undefined Weak Reference
    _init_user_alloc                          - Undefined Weak Reference
    _initio                                   - Undefined Weak Reference
    _rand_init                                - Undefined Weak Reference
    _signal_finish                            - Undefined Weak Reference
    _signal_init                              - Undefined Weak Reference
    _terminate_alloc                          - Undefined Weak Reference
    _terminate_user_alloc                     - Undefined Weak Reference
    _terminateio                              - Undefined Weak Reference
    __Vectors_Size                           0x000000ec   Number         0  startup_stm32f10x_md.o ABSOLUTE
    __Vectors                                0x08000000   Data           4  startup_stm32f10x_md.o(RESET)
    __Vectors_End                            0x080000ec   Data           0  startup_stm32f10x_md.o(RESET)
    __main                                   0x080000ed   Thumb Code     8  __main.o(!!!main)
    __scatterload                            0x080000f5   Thumb Code     0  __scatter.o(!!!scatter)
    __scatterload_rt2                        0x080000f5   Thumb Code    44  __scatter.o(!!!scatter)
    __scatterload_rt2_thumb_only             0x080000f5   Thumb Code     0  __scatter.o(!!!scatter)
    __scatterload_null                       0x08000103   Thumb Code     0  __scatter.o(!!!scatter)
    __scatterload_copy                       0x08000129   Thumb Code    26  __scatter_copy.o(!!handler_copy)
    __scatterload_zeroinit                   0x08000145   Thumb Code    28  __scatter_zi.o(!!handler_zi)
    __rt_lib_init                            0x08000161   Thumb Code     0  libinit.o(.ARM.Collect$$libinit$$00000000)
    __rt_lib_init_alloca_1                   0x08000163   Thumb Code     0  libinit2.o(.ARM.Collect$$libinit$$0000002E)
    __rt_lib_init_argv_1                     0x08000163   Thumb Code     0  libinit2.o(.ARM.Collect$$libinit$$0000002C)
    __rt_lib_init_atexit_1                   0x08000163   Thumb Code     0  libinit2.o(.ARM.Collect$$libinit$$0000001B)
    __rt_lib_init_clock_1                    0x08000163   Thumb Code     0  libinit2.o(.ARM.Collect$$libinit$$00000021)
    __rt_lib_init_cpp_1                      0x08000163   Thumb Code     0  libinit2.o(.ARM.Collect$$libinit$$00000032)
    __rt_lib_init_exceptions_1               0x08000163   Thumb Code     0  libinit2.o(.ARM.Collect$$libinit$$00000030)
    __rt_lib_init_fp_1                       0x08000163   Thumb Code     0  libinit2.o(.ARM.Collect$$libinit$$00000002)
    __rt_lib_init_fp_trap_1                  0x08000163   Thumb Code     0  libinit2.o(.ARM.Collect$$libinit$$0000001F)
    __rt_lib_init_getenv_1                   0x08000163   Thumb Code     0  libinit2.o(.ARM.Collect$$libinit$$00000023)
    __rt_lib_init_heap_1                     0x08000163   Thumb Code     0  libinit2.o(.ARM.Collect$$libinit$$0000000A)
    __rt_lib_init_lc_collate_1               0x08000163   Thumb Code     0  libinit2.o(.ARM.Collect$$libinit$$00000011)
    __rt_lib_init_lc_ctype_1                 0x08000163   Thumb Code     0  libinit2.o(.ARM.Collect$$libinit$$00000013)
    __rt_lib_init_lc_monetary_1              0x08000163   Thumb Code     0  libinit2.o(.ARM.Collect$$libinit$$00000015)
    __rt_lib_init_lc_numeric_1               0x08000163   Thumb Code     0  libinit2.o(.ARM.Collect$$libinit$$00000017)
    __rt_lib_init_lc_time_1                  0x08000163   Thumb Code     0  libinit2.o(.ARM.Collect$$libinit$$00000019)
    __rt_lib_init_preinit_1                  0x08000163   Thumb Code     0  libinit2.o(.ARM.Collect$$libinit$$00000004)
    __rt_lib_init_rand_1                     0x08000163   Thumb Code     0  libinit2.o(.ARM.Collect$$libinit$$0000000E)
    __rt_lib_init_return                     0x08000163   Thumb Code     0  libinit2.o(.ARM.Collect$$libinit$$00000033)
    __rt_lib_init_signal_1                   0x08000163   Thumb Code     0  libinit2.o(.ARM.Collect$$libinit$$0000001D)
    __rt_lib_init_stdio_1                    0x08000163   Thumb Code     0  libinit2.o(.ARM.Collect$$libinit$$00000025)
    __rt_lib_init_user_alloc_1               0x08000163   Thumb Code     0  libinit2.o(.ARM.Collect$$libinit$$0000000C)
    __rt_lib_shutdown                        0x08000165   Thumb Code     0  libshutdown.o(.ARM.Collect$$libshutdown$$00000000)
    __rt_lib_shutdown_cpp_1                  0x08000167   Thumb Code     0  libshutdown2.o(.ARM.Collect$$libshutdown$$00000004)
    __rt_lib_shutdown_fini_1                 0x08000167   Thumb Code     0  libshutdown2.o(.ARM.Collect$$libshutdown$$00000002)
    __rt_lib_shutdown_fp_trap_1              0x08000167   Thumb Code     0  libshutdown2.o(.ARM.Collect$$libshutdown$$00000009)
    __rt_lib_shutdown_heap_1                 0x08000167   Thumb Code     0  libshutdown2.o(.ARM.Collect$$libshutdown$$00000011)
    __rt_lib_shutdown_return                 0x08000167   Thumb Code     0  libshutdown2.o(.ARM.Collect$$libshutdown$$00000012)
    __rt_lib_shutdown_signal_1               0x08000167   Thumb Code     0  libshutdown2.o(.ARM.Collect$$libshutdown$$0000000C)
    __rt_lib_shutdown_stdio_1                0x08000167   Thumb Code     0  libshutdown2.o(.ARM.Collect$$libshutdown$$00000006)
    __rt_lib_shutdown_user_alloc_1           0x08000167   Thumb Code     0  libshutdown2.o(.ARM.Collect$$libshutdown$$0000000E)
    __rt_entry                               0x08000169   Thumb Code     0  __rtentry.o(.ARM.Collect$$rtentry$$00000000)
    __rt_entry_presh_1                       0x08000169   Thumb Code     0  __rtentry2.o(.ARM.Collect$$rtentry$$00000002)
    __rt_entry_sh                            0x08000169   Thumb Code     0  __rtentry4.o(.ARM.Collect$$rtentry$$00000004)
    __rt_entry_li                            0x0800016f   Thumb Code     0  __rtentry2.o(.ARM.Collect$$rtentry$$0000000A)
    __rt_entry_postsh_1                      0x0800016f   Thumb Code     0  __rtentry2.o(.ARM.Collect$$rtentry$$00000009)
    __rt_entry_main                          0x08000173   Thumb Code     0  __rtentry2.o(.ARM.Collect$$rtentry$$0000000D)
    __rt_entry_postli_1                      0x08000173   Thumb Code     0  __rtentry2.o(.ARM.Collect$$rtentry$$0000000C)
    __rt_exit                                0x0800017b   Thumb Code     0  rtexit.o(.ARM.Collect$$rtexit$$00000000)
    __rt_exit_ls                             0x0800017d   Thumb Code     0  rtexit2.o(.ARM.Collect$$rtexit$$00000003)
    __rt_exit_prels_1                        0x0800017d   Thumb Code     0  rtexit2.o(.ARM.Collect$$rtexit$$00000002)
    __rt_exit_exit                           0x08000181   Thumb Code     0  rtexit2.o(.ARM.Collect$$rtexit$$00000004)
    Reset_Handler                            0x08000189   Thumb Code     8  startup_stm32f10x_md.o(.text)
    NMI_Handler                              0x08000191   Thumb Code     2  startup_stm32f10x_md.o(.text)
    SVC_Handler                              0x0800019b   Thumb Code     2  startup_stm32f10x_md.o(.text)
    DebugMon_Handler                         0x0800019d   Thumb Code     2  startup_stm32f10x_md.o(.text)
    PendSV_Handler                           0x0800019f   Thumb Code     2  startup_stm32f10x_md.o(.text)
    ADC1_2_IRQHandler                        0x080001a3   Thumb Code     0  startup_stm32f10x_md.o(.text)
    CAN1_RX1_IRQHandler                      0x080001a3   Thumb Code     0  startup_stm32f10x_md.o(.text)
    CAN1_SCE_IRQHandler                      0x080001a3   Thumb Code     0  startup_stm32f10x_md.o(.text)
    DMA1_Channel1_IRQHandler                 0x080001a3   Thumb Code     0  startup_stm32f10x_md.o(.text)
    DMA1_Channel2_IRQHandler                 0x080001a3   Thumb Code     0  startup_stm32f10x_md.o(.text)
    DMA1_Channel3_IRQHandler                 0x080001a3   Thumb Code     0  startup_stm32f10x_md.o(.text)
    DMA1_Channel4_IRQHandler                 0x080001a3   Thumb Code     0  startup_stm32f10x_md.o(.text)
    DMA1_Channel5_IRQHandler                 0x080001a3   Thumb Code     0  startup_stm32f10x_md.o(.text)
    DMA1_Channel6_IRQHandler                 0x080001a3   Thumb Code     0  startup_stm32f10x_md.o(.text)
    DMA1_Channel7_IRQHandler                 0x080001a3   Thumb Code     0  startup_stm32f10x_md.o(.text)
    EXTI0_IRQHandler                         0x080001a3   Thumb Code     0  startup_stm32f10x_md.o(.text)
    EXTI15_10_IRQHandler                     0x080001a3   Thumb Code     0  startup_stm32f10x_md.o(.text)
    EXTI1_IRQHandler                         0x080001a3   Thumb Code     0  startup_stm32f10x_md.o(.text)
    EXTI2_IRQHandler                         0x080001a3   Thumb Code     0  startup_stm32f10x_md.o(.text)
    EXTI3_IRQHandler                         0x080001a3   Thumb Code     0  startup_stm32f10x_md.o(.text)
    EXTI4_IRQHandler                         0x080001a3   Thumb Code     0  startup_stm32f10x_md.o(.text)
    EXTI9_5_IRQHandler                       0x080001a3   Thumb Code     0  startup_stm32f10x_md.o(.text)
    FLASH_IRQHandler                         0x080001a3   Thumb Code     0  startup_stm32f10x_md.o(.text)
    I2C1_ER_IRQHandler                       0x080001a3   Thumb Code     0  startup_stm32f10x_md.o(.text)
    I2C1_EV_IRQHandler                       0x080001a3   Thumb Code     0  startup_stm32f10x_md.o(.text)
    I2C2_ER_IRQHandler                       0x080001a3   Thumb Code     0  startup_stm32f10x_md.o(.text)
    I2C2_EV_IRQHandler                       0x080001a3   Thumb Code     0  startup_stm32f10x_md.o(.text)
    PVD_IRQHandler                           0x080001a3   Thumb Code     0  startup_stm32f10x_md.o(.text)
    RCC_IRQHandler                           0x080001a3   Thumb Code     0  startup_stm32f10x_md.o(.text)
    RTCAlarm_IRQHandler                      0x080001a3   Thumb Code     0  startup_stm32f10x_md.o(.text)
    RTC_IRQHandler                           0x080001a3   Thumb Code     0  startup_stm32f10x_md.o(.text)
    SPI1_IRQHandler                          0x080001a3   Thumb Code     0  startup_stm32f10x_md.o(.text)
    SPI2_IRQHandler                          0x080001a3   Thumb Code     0  startup_stm32f10x_md.o(.text)
    TAMPER_IRQHandler                        0x080001a3   Thumb Code     0  startup_stm32f10x_md.o(.text)
    TIM1_BRK_IRQHandler                      0x080001a3   Thumb Code     0  startup_stm32f10x_md.o(.text)
    TIM1_CC_IRQHandler                       0x080001a3   Thumb Code     0  startup_stm32f10x_md.o(.text)
    TIM1_TRG_COM_IRQHandler                  0x080001a3   Thumb Code     0  startup_stm32f10x_md.o(.text)
    TIM1_UP_IRQHandler                       0x080001a3   Thumb Code     0  startup_stm32f10x_md.o(.text)
    TIM2_IRQHandler                          0x080001a3   Thumb Code     0  startup_stm32f10x_md.o(.text)
    TIM3_IRQHandler                          0x080001a3   Thumb Code     0  startup_stm32f10x_md.o(.text)
    TIM4_IRQHandler                          0x080001a3   Thumb Code     0  startup_stm32f10x_md.o(.text)
    USART2_IRQHandler                        0x080001a3   Thumb Code     0  startup_stm32f10x_md.o(.text)
    USART3_IRQHandler                        0x080001a3   Thumb Code     0  startup_stm32f10x_md.o(.text)
    USBWakeUp_IRQHandler                     0x080001a3   Thumb Code     0  startup_stm32f10x_md.o(.text)
    USB_HP_CAN1_TX_IRQHandler                0x080001a3   Thumb Code     0  startup_stm32f10x_md.o(.text)
    USB_LP_CAN1_RX0_IRQHandler               0x080001a3   Thumb Code     0  startup_stm32f10x_md.o(.text)
    WWDG_IRQHandler                          0x080001a3   Thumb Code     0  startup_stm32f10x_md.o(.text)
    __user_initial_stackheap                 0x080001a5   Thumb Code     0  startup_stm32f10x_md.o(.text)
    __use_two_region_memory                  0x080001c9   Thumb Code     2  heapauxi.o(.text)
    __rt_heap_escrow$2region                 0x080001cb   Thumb Code     2  heapauxi.o(.text)
    __rt_heap_expand$2region                 0x080001cd   Thumb Code     2  heapauxi.o(.text)
    __read_errno                             0x080001cf   Thumb Code    10  _rserrno.o(.text)
    __set_errno                              0x080001d9   Thumb Code    12  _rserrno.o(.text)
    __aeabi_errno_addr                       0x080001e5   Thumb Code     8  rt_errno_addr_intlibspace.o(.text)
    __errno$intlibspace                      0x080001e5   Thumb Code     0  rt_errno_addr_intlibspace.o(.text)
    __rt_errno_addr$intlibspace              0x080001e5   Thumb Code     0  rt_errno_addr_intlibspace.o(.text)
    __user_libspace                          0x080001ed   Thumb Code     8  libspace.o(.text)
    __user_perproc_libspace                  0x080001ed   Thumb Code     0  libspace.o(.text)
    __user_perthread_libspace                0x080001ed   Thumb Code     0  libspace.o(.text)
    __user_setup_stackheap                   0x080001f5   Thumb Code    74  sys_stackheap_outer.o(.text)
    exit                                     0x0800023f   Thumb Code    18  exit.o(.text)
    _sys_exit                                0x08000251   Thumb Code     8  sys_exit.o(.text)
    __I$use$semihosting                      0x0800025d   Thumb Code     0  use_no_semi.o(.text)
    __use_no_semihosting_swi                 0x0800025d   Thumb Code     2  use_no_semi.o(.text)
    __semihosting_library_function           0x0800025f   Thumb Code     0  indicate_semi.o(.text)
    BusFault_Handler                         0x080002af   Thumb Code    10  stm32f10x_it.o(i.BusFault_Handler)
    DBGMCU_Config                            0x080002b9   Thumb Code    26  stm32f10x_dbgmcu.o(i.DBGMCU_Config)
    Encoder_BspInit                          0x080002d9   Thumb Code   102  bsp_encoder.o(i.Encoder_BspInit)
    Encoder_GetLeftDelta                     0x08000355   Thumb Code    32  bsp_encoder.o(i.Encoder_GetLeftDelta)
    Encoder_GetRightDelta                    0x08000379   Thumb Code    30  bsp_encoder.o(i.Encoder_GetRightDelta)
    GPIO_Init                                0x080003a1   Thumb Code   278  stm32f10x_gpio.o(i.GPIO_Init)
    GPIO_ReadInputDataBit                    0x080004b7   Thumb Code    18  stm32f10x_gpio.o(i.GPIO_ReadInputDataBit)
    GPIO_ResetBits                           0x080004c9   Thumb Code     4  stm32f10x_gpio.o(i.GPIO_ResetBits)
    GPIO_SetBits                             0x080004cd   Thumb Code     4  stm32f10x_gpio.o(i.GPIO_SetBits)
    GPIO_StructInit                          0x080004d1   Thumb Code    16  stm32f10x_gpio.o(i.GPIO_StructInit)
    HardFault_Handler                        0x080004e1   Thumb Code    10  stm32f10x_it.o(i.HardFault_Handler)
    IWDG_Enable                              0x080004ed   Thumb Code    10  stm32f10x_iwdg.o(i.IWDG_Enable)
    IWDG_ReloadCounter                       0x080004fd   Thumb Code    10  stm32f10x_iwdg.o(i.IWDG_ReloadCounter)
    IWDG_SetPrescaler                        0x0800050d   Thumb Code     6  stm32f10x_iwdg.o(i.IWDG_SetPrescaler)
    IWDG_SetReload                           0x08000519   Thumb Code     6  stm32f10x_iwdg.o(i.IWDG_SetReload)
    IWDG_WriteAccessCmd                      0x08000525   Thumb Code     6  stm32f10x_iwdg.o(i.IWDG_WriteAccessCmd)
    MemManage_Handler                        0x08000531   Thumb Code    10  stm32f10x_it.o(i.MemManage_Handler)
    Motion_ClearEmergencyStop                0x0800053d   Thumb Code    30  motion_control.o(i.Motion_ClearEmergencyStop)
    Motion_CommandGoal                       0x08000561   Thumb Code   158  motion_control.o(i.Motion_CommandGoal)
    Motion_CommandVelocity                   0x08000625   Thumb Code    80  motion_control.o(i.Motion_CommandVelocity)
    Motion_EmergencyStop                     0x08000695   Thumb Code    14  motion_control.o(i.Motion_EmergencyStop)
    Motion_GetTelemetry                      0x080006a9   Thumb Code    48  motion_control.o(i.Motion_GetTelemetry)
    Motion_Init                              0x080006e9   Thumb Code    56  motion_control.o(i.Motion_Init)
    Motion_Stop                              0x08000739   Thumb Code    30  motion_control.o(i.Motion_Stop)
    Motion_Update                            0x0800075d   Thumb Code   316  motion_control.o(i.Motion_Update)
    Motor_BspInit                            0x080008d9   Thumb Code   284  bsp_motor.o(i.Motor_BspInit)
    Motor_Coast                              0x08000a01   Thumb Code    52  bsp_motor.o(i.Motor_Coast)
    Motor_SetPwm                             0x08000a3d   Thumb Code    84  bsp_motor.o(i.Motor_SetPwm)
    Motor_Stop                               0x08000a99   Thumb Code     8  bsp_motor.o(i.Motor_Stop)
    NVIC_Init                                0x08000aa1   Thumb Code   100  misc.o(i.NVIC_Init)
    NVIC_PriorityGroupConfig                 0x08000b11   Thumb Code    10  misc.o(i.NVIC_PriorityGroupConfig)
    OLED_BspInit                             0x08000b49   Thumb Code   262  bsp_oled.o(i.OLED_BspInit)
    OLED_Clear                               0x08000c75   Thumb Code    68  bsp_oled.o(i.OLED_Clear)
    OLED_ShowTelemetry                       0x08000cbd   Thumb Code   588  bsp_oled.o(i.OLED_ShowTelemetry)
    PID_Init                                 0x08000f51   Thumb Code    28  pid.o(i.PID_Init)
    PID_Reset                                0x08000f6d   Thumb Code    10  pid.o(i.PID_Reset)
    PID_Update                               0x08000f79   Thumb Code   322  pid.o(i.PID_Update)
    Protocol_FeedByte                        0x080010c5   Thumb Code   294  protocol.o(i.Protocol_FeedByte)
    Protocol_GetCommand                      0x08001209   Thumb Code    84  protocol.o(i.Protocol_GetCommand)
    Protocol_GetDiagnostics                  0x08001269   Thumb Code    98  protocol.o(i.Protocol_GetDiagnostics)
    Protocol_Init                            0x080012d1   Thumb Code    54  protocol.o(i.Protocol_Init)
    Protocol_SendTelemetry                   0x0800131d   Thumb Code   162  protocol.o(i.Protocol_SendTelemetry)
    RCC_APB1PeriphClockCmd                   0x080013c5   Thumb Code    26  stm32f10x_rcc.o(i.RCC_APB1PeriphClockCmd)
    RCC_APB2PeriphClockCmd                   0x080013e5   Thumb Code    26  stm32f10x_rcc.o(i.RCC_APB2PeriphClockCmd)
    RCC_GetClocksFreq                        0x08001405   Thumb Code   192  stm32f10x_rcc.o(i.RCC_GetClocksFreq)
    SysTick_BspInit                          0x080015c1   Thumb Code    74  bsp_systick.o(i.SysTick_BspInit)
    SysTick_Handler                          0x08001619   Thumb Code     8  stm32f10x_it.o(i.SysTick_Handler)
    SysTick_IncTick                          0x08001621   Thumb Code    12  bsp_systick.o(i.SysTick_IncTick)
    SysTick_Millis                           0x08001631   Thumb Code     6  bsp_systick.o(i.SysTick_Millis)
    SystemInit                               0x0800163d   Thumb Code    78  system_stm32f10x.o(i.SystemInit)
    TIM_ARRPreloadConfig                     0x080018dd   Thumb Code    24  stm32f10x_tim.o(i.TIM_ARRPreloadConfig)
    TIM_Cmd                                  0x080018f5   Thumb Code    24  stm32f10x_tim.o(i.TIM_Cmd)
    TIM_EncoderInterfaceConfig               0x0800190d   Thumb Code    66  stm32f10x_tim.o(i.TIM_EncoderInterfaceConfig)
    TIM_GetCounter                           0x0800194f   Thumb Code     6  stm32f10x_tim.o(i.TIM_GetCounter)
    TIM_ICInit                               0x08001955   Thumb Code   150  stm32f10x_tim.o(i.TIM_ICInit)
    TIM_ICStructInit                         0x08001a01   Thumb Code    18  stm32f10x_tim.o(i.TIM_ICStructInit)
    TIM_OC1Init                              0x08001a15   Thumb Code   132  stm32f10x_tim.o(i.TIM_OC1Init)
    TIM_OC1PreloadConfig                     0x08001aad   Thumb Code    18  stm32f10x_tim.o(i.TIM_OC1PreloadConfig)
    TIM_OC2Init                              0x08001ac1   Thumb Code   154  stm32f10x_tim.o(i.TIM_OC2Init)
    TIM_OC2PreloadConfig                     0x08001b65   Thumb Code    26  stm32f10x_tim.o(i.TIM_OC2PreloadConfig)
    TIM_OCStructInit                         0x08001b7f   Thumb Code    20  stm32f10x_tim.o(i.TIM_OCStructInit)
    TIM_SetCompare1                          0x08001b93   Thumb Code     4  stm32f10x_tim.o(i.TIM_SetCompare1)
    TIM_SetCompare2                          0x08001b97   Thumb Code     4  stm32f10x_tim.o(i.TIM_SetCompare2)
    TIM_SetCounter                           0x08001b9b   Thumb Code     4  stm32f10x_tim.o(i.TIM_SetCounter)
    TIM_SetIC1Prescaler                      0x08001b9f   Thumb Code    18  stm32f10x_tim.o(i.TIM_SetIC1Prescaler)
    TIM_SetIC2Prescaler                      0x08001bb1   Thumb Code    26  stm32f10x_tim.o(i.TIM_SetIC2Prescaler)
    TIM_SetIC3Prescaler                      0x08001bcb   Thumb Code    18  stm32f10x_tim.o(i.TIM_SetIC3Prescaler)
    TIM_SetIC4Prescaler                      0x08001bdd   Thumb Code    26  stm32f10x_tim.o(i.TIM_SetIC4Prescaler)
    TIM_TimeBaseInit                         0x08001bf9   Thumb Code   122  stm32f10x_tim.o(i.TIM_TimeBaseInit)
    TIM_TimeBaseStructInit                   0x08001c9d   Thumb Code    18  stm32f10x_tim.o(i.TIM_TimeBaseStructInit)
    USART1_BspInit                           0x08001cb1   Thumb Code   174  bsp_usart.o(i.USART1_BspInit)
    USART1_IRQHandler                        0x08001d69   Thumb Code    98  stm32f10x_it.o(i.USART1_IRQHandler)
    USART1_SendBuffer                        0x08001dd1   Thumb Code   162  bsp_usart.o(i.USART1_SendBuffer)
    USART1_TxIrqHandler                      0x08001e89   Thumb Code    66  bsp_usart.o(i.USART1_TxIrqHandler)
    USART_ClearITPendingBit                  0x08001ee1   Thumb Code    30  stm32f10x_usart.o(i.USART_ClearITPendingBit)
    USART_Cmd                                0x08001eff   Thumb Code    24  stm32f10x_usart.o(i.USART_Cmd)
    USART_GetFlagStatus                      0x08001f17   Thumb Code    26  stm32f10x_usart.o(i.USART_GetFlagStatus)
    USART_GetITStatus                        0x08001f31   Thumb Code    84  stm32f10x_usart.o(i.USART_GetITStatus)
    USART_ITConfig                           0x08001f85   Thumb Code    74  stm32f10x_usart.o(i.USART_ITConfig)
    USART_Init                               0x08001fd1   Thumb Code   210  stm32f10x_usart.o(i.USART_Init)
    USART_ReceiveData                        0x080020a9   Thumb Code    10  stm32f10x_usart.o(i.USART_ReceiveData)
    USART_SendData                           0x080020b3   Thumb Code     8  stm32f10x_usart.o(i.USART_SendData)
    USART_StructInit                         0x080020bb   Thumb Code    24  stm32f10x_usart.o(i.USART_StructInit)
    UsageFault_Handler                       0x080020d3   Thumb Code    10  stm32f10x_it.o(i.UsageFault_Handler)
    __ARM_fpclassifyf                        0x080020dd   Thumb Code    38  fpclassifyf.o(i.__ARM_fpclassifyf)
    __mathlib_flt_infnan                     0x08002103   Thumb Code     6  funder.o(i.__mathlib_flt_infnan)
    __mathlib_flt_infnan2                    0x08002109   Thumb Code     4  funder.o(i.__mathlib_flt_infnan2)
    __mathlib_flt_invalid                    0x0800210d   Thumb Code     8  funder.o(i.__mathlib_flt_invalid)
    __mathlib_flt_underflow                  0x08002115   Thumb Code    10  funder.o(i.__mathlib_flt_underflow)
    __mathlib_rredf2                         0x08002121   Thumb Code   344  rredf.o(i.__mathlib_rredf2)
    atan2f                                   0x080022a1   Thumb Code   598  atan2f.o(i.atan2f)
    cosf                                     0x08002585   Thumb Code   328  cosf.o(i.cosf)
    main                                     0x08002c7d   Thumb Code   144  main.o(i.main)
    sinf                                     0x0800316d   Thumb Code   338  sinf.o(i.sinf)
    sqrtf                                    0x0800333b   Thumb Code    44  sqrtf.o(i.sqrtf)
    __aeabi_fadd                             0x080036a5   Thumb Code     0  faddsub_clz.o(x$fpl$fadd)
    _fadd                                    0x080036a5   Thumb Code   196  faddsub_clz.o(x$fpl$fadd)
    __fpl_fcheck_NaN1                        0x08003769   Thumb Code     6  fcheck1.o(x$fpl$fcheck1)
    __fpl_fcmp_Inf                           0x08003775   Thumb Code    24  fcmpi.o(x$fpl$fcmpinf)
    __aeabi_fdiv                             0x0800378d   Thumb Code     0  fdiv.o(x$fpl$fdiv)
    _fdiv                                    0x0800378d   Thumb Code   384  fdiv.o(x$fpl$fdiv)
    __aeabi_f2iz                             0x08003911   Thumb Code     0  ffix.o(x$fpl$ffix)
    _ffix                                    0x08003911   Thumb Code    54  ffix.o(x$fpl$ffix)
    __aeabi_i2f                              0x08003949   Thumb Code     0  fflt_clz.o(x$fpl$fflt)
    _fflt                                    0x08003949   Thumb Code    48  fflt_clz.o(x$fpl$fflt)
    __aeabi_ui2f                             0x08003979   Thumb Code     0  fflt_clz.o(x$fpl$ffltu)
    _ffltu                                   0x08003979   Thumb Code    38  fflt_clz.o(x$fpl$ffltu)
    __aeabi_cfcmple                          0x080039a1   Thumb Code     0  fleqf.o(x$fpl$fleqf)
    _fcmple                                  0x080039a1   Thumb Code   104  fleqf.o(x$fpl$fleqf)
    __fpl_fcmple_InfNaN                      0x080039f3   Thumb Code     0  fleqf.o(x$fpl$fleqf)
    __aeabi_fmul                             0x08003a09   Thumb Code     0  fmul.o(x$fpl$fmul)
    _fmul                                    0x08003a09   Thumb Code   258  fmul.o(x$fpl$fmul)
    __fpl_fnaninf                            0x08003b0b   Thumb Code   140  fnaninf.o(x$fpl$fnaninf)
    __fpl_fretinf                            0x08003b97   Thumb Code    10  fretinf.o(x$fpl$fretinf)
    __aeabi_cfrcmple                         0x08003ba1   Thumb Code     0  frleqf.o(x$fpl$frleqf)
    _frcmple                                 0x08003ba1   Thumb Code    98  frleqf.o(x$fpl$frleqf)
    _frnd                                    0x08003c05   Thumb Code    96  frnd.o(x$fpl$frnd)
    __aeabi_frsub                            0x08003c65   Thumb Code     0  faddsub_clz.o(x$fpl$frsb)
    _frsb                                    0x08003c65   Thumb Code    20  faddsub_clz.o(x$fpl$frsb)
    _fsqrt                                   0x08003c79   Thumb Code   272  fsqrt.o(x$fpl$fsqrt)
    __aeabi_fsub                             0x08003d89   Thumb Code     0  faddsub_clz.o(x$fpl$fsub)
    _fsub                                    0x08003d89   Thumb Code   234  faddsub_clz.o(x$fpl$fsub)
    __fpl_return_NaN                         0x08003e73   Thumb Code   100  retnan.o(x$fpl$retnan)
    __ARM_scalbnf                            0x08003ed7   Thumb Code    76  scalbnf.o(x$fpl$scalbnf)
    __fpl_cmpreturn                          0x08003f23   Thumb Code    48  trapv.o(x$fpl$trapveneer)
    __I$use$fp                               0x08003f52   Number         0  usenofp.o(x$fpl$usenofp)
    Region$$Table$$Base                      0x08004040   Number         0  anon$$obj.o(Region$$Table)
    Region$$Table$$Limit                     0x08004060   Number         0  anon$$obj.o(Region$$Table)
    __libspace_start                         0x20000168   Data          96  libspace.o(.bss)
    __temporary_stack_top$libspace           0x200001c8   Data           0  libspace.o(.bss)



==============================================================================

Memory Map of the image

  Image Entry point : 0x080000ed

  Load Region LR_IROM1 (Base: 0x08000000, Size: 0x000040d8, Max: 0x00010000, ABSOLUTE)

    Execution Region ER_IROM1 (Exec base: 0x08000000, Load base: 0x08000000, Size: 0x00004060, Max: 0x00010000, ABSOLUTE)

    Exec Addr    Load Addr    Size         Type   Attr      Idx    E Section Name        Object

    0x08000000   0x08000000   0x000000ec   Data   RO            3    RESET               startup_stm32f10x_md.o
    0x080000ec   0x080000ec   0x00000008   Code   RO         3868  * !!!main             c_w.l(__main.o)
    0x080000f4   0x080000f4   0x00000034   Code   RO         4130    !!!scatter          c_w.l(__scatter.o)
    0x08000128   0x08000128   0x0000001a   Code   RO         4132    !!handler_copy      c_w.l(__scatter_copy.o)
    0x08000142   0x08000142   0x00000002   PAD
    0x08000144   0x08000144   0x0000001c   Code   RO         4134    !!handler_zi        c_w.l(__scatter_zi.o)
    0x08000160   0x08000160   0x00000002   Code   RO         3995    .ARM.Collect$$libinit$$00000000  c_w.l(libinit.o)
    0x08000162   0x08000162   0x00000000   Code   RO         4001    .ARM.Collect$$libinit$$00000002  c_w.l(libinit2.o)
    0x08000162   0x08000162   0x00000000   Code   RO         4003    .ARM.Collect$$libinit$$00000004  c_w.l(libinit2.o)
    0x08000162   0x08000162   0x00000000   Code   RO         4006    .ARM.Collect$$libinit$$0000000A  c_w.l(libinit2.o)
    0x08000162   0x08000162   0x00000000   Code   RO         4008    .ARM.Collect$$libinit$$0000000C  c_w.l(libinit2.o)
    0x08000162   0x08000162   0x00000000   Code   RO         4010    .ARM.Collect$$libinit$$0000000E  c_w.l(libinit2.o)
    0x08000162   0x08000162   0x00000000   Code   RO         4013    .ARM.Collect$$libinit$$00000011  c_w.l(libinit2.o)
    0x08000162   0x08000162   0x00000000   Code   RO         4015    .ARM.Collect$$libinit$$00000013  c_w.l(libinit2.o)
    0x08000162   0x08000162   0x00000000   Code   RO         4017    .ARM.Collect$$libinit$$00000015  c_w.l(libinit2.o)
    0x08000162   0x08000162   0x00000000   Code   RO         4019    .ARM.Collect$$libinit$$00000017  c_w.l(libinit2.o)
    0x08000162   0x08000162   0x00000000   Code   RO         4021    .ARM.Collect$$libinit$$00000019  c_w.l(libinit2.o)
    0x08000162   0x08000162   0x00000000   Code   RO         4023    .ARM.Collect$$libinit$$0000001B  c_w.l(libinit2.o)
    0x08000162   0x08000162   0x00000000   Code   RO         4025    .ARM.Collect$$libinit$$0000001D  c_w.l(libinit2.o)
    0x08000162   0x08000162   0x00000000   Code   RO         4027    .ARM.Collect$$libinit$$0000001F  c_w.l(libinit2.o)
    0x08000162   0x08000162   0x00000000   Code   RO         4029    .ARM.Collect$$libinit$$00000021  c_w.l(libinit2.o)
    0x08000162   0x08000162   0x00000000   Code   RO         4031    .ARM.Collect$$libinit$$00000023  c_w.l(libinit2.o)
    0x08000162   0x08000162   0x00000000   Code   RO         4033    .ARM.Collect$$libinit$$00000025  c_w.l(libinit2.o)
    0x08000162   0x08000162   0x00000000   Code   RO         4037    .ARM.Collect$$libinit$$0000002C  c_w.l(libinit2.o)
    0x08000162   0x08000162   0x00000000   Code   RO         4039    .ARM.Collect$$libinit$$0000002E  c_w.l(libinit2.o)
    0x08000162   0x08000162   0x00000000   Code   RO         4041    .ARM.Collect$$libinit$$00000030  c_w.l(libinit2.o)
    0x08000162   0x08000162   0x00000000   Code   RO         4043    .ARM.Collect$$libinit$$00000032  c_w.l(libinit2.o)
    0x08000162   0x08000162   0x00000002   Code   RO         4044    .ARM.Collect$$libinit$$00000033  c_w.l(libinit2.o)
    0x08000164   0x08000164   0x00000002   Code   RO         4068    .ARM.Collect$$libshutdown$$00000000  c_w.l(libshutdown.o)
    0x08000166   0x08000166   0x00000000   Code   RO         4081    .ARM.Collect$$libshutdown$$00000002  c_w.l(libshutdown2.o)
    0x08000166   0x08000166   0x00000000   Code   RO         4083    .ARM.Collect$$libshutdown$$00000004  c_w.l(libshutdown2.o)
    0x08000166   0x08000166   0x00000000   Code   RO         4085    .ARM.Collect$$libshutdown$$00000006  c_w.l(libshutdown2.o)
    0x08000166   0x08000166   0x00000000   Code   RO         4088    .ARM.Collect$$libshutdown$$00000009  c_w.l(libshutdown2.o)
    0x08000166   0x08000166   0x00000000   Code   RO         4091    .ARM.Collect$$libshutdown$$0000000C  c_w.l(libshutdown2.o)
    0x08000166   0x08000166   0x00000000   Code   RO         4093    .ARM.Collect$$libshutdown$$0000000E  c_w.l(libshutdown2.o)
    0x08000166   0x08000166   0x00000000   Code   RO         4096    .ARM.Collect$$libshutdown$$00000011  c_w.l(libshutdown2.o)
    0x08000166   0x08000166   0x00000002   Code   RO         4097    .ARM.Collect$$libshutdown$$00000012  c_w.l(libshutdown2.o)
    0x08000168   0x08000168   0x00000000   Code   RO         3928    .ARM.Collect$$rtentry$$00000000  c_w.l(__rtentry.o)
    0x08000168   0x08000168   0x00000000   Code   RO         3962    .ARM.Collect$$rtentry$$00000002  c_w.l(__rtentry2.o)
    0x08000168   0x08000168   0x00000006   Code   RO         3974    .ARM.Collect$$rtentry$$00000004  c_w.l(__rtentry4.o)
    0x0800016e   0x0800016e   0x00000000   Code   RO         3964    .ARM.Collect$$rtentry$$00000009  c_w.l(__rtentry2.o)
    0x0800016e   0x0800016e   0x00000004   Code   RO         3965    .ARM.Collect$$rtentry$$0000000A  c_w.l(__rtentry2.o)
    0x08000172   0x08000172   0x00000000   Code   RO         3967    .ARM.Collect$$rtentry$$0000000C  c_w.l(__rtentry2.o)
    0x08000172   0x08000172   0x00000008   Code   RO         3968    .ARM.Collect$$rtentry$$0000000D  c_w.l(__rtentry2.o)
    0x0800017a   0x0800017a   0x00000002   Code   RO         3998    .ARM.Collect$$rtexit$$00000000  c_w.l(rtexit.o)
    0x0800017c   0x0800017c   0x00000000   Code   RO         4048    .ARM.Collect$$rtexit$$00000002  c_w.l(rtexit2.o)
    0x0800017c   0x0800017c   0x00000004   Code   RO         4049    .ARM.Collect$$rtexit$$00000003  c_w.l(rtexit2.o)
    0x08000180   0x08000180   0x00000006   Code   RO         4050    .ARM.Collect$$rtexit$$00000004  c_w.l(rtexit2.o)
    0x08000186   0x08000186   0x00000002   PAD
    0x08000188   0x08000188   0x00000040   Code   RO            4    .text               startup_stm32f10x_md.o
    0x080001c8   0x080001c8   0x00000006   Code   RO         3866    .text               c_w.l(heapauxi.o)
    0x080001ce   0x080001ce   0x00000016   Code   RO         3929    .text               c_w.l(_rserrno.o)
    0x080001e4   0x080001e4   0x00000008   Code   RO         3979    .text               c_w.l(rt_errno_addr_intlibspace.o)
    0x080001ec   0x080001ec   0x00000008   Code   RO         3983    .text               c_w.l(libspace.o)
    0x080001f4   0x080001f4   0x0000004a   Code   RO         3986    .text               c_w.l(sys_stackheap_outer.o)
    0x0800023e   0x0800023e   0x00000012   Code   RO         3988    .text               c_w.l(exit.o)
    0x08000250   0x08000250   0x0000000c   Code   RO         4060    .text               c_w.l(sys_exit.o)
    0x0800025c   0x0800025c   0x00000002   Code   RO         4071    .text               c_w.l(use_no_semi.o)
    0x0800025e   0x0800025e   0x00000000   Code   RO         4073    .text               c_w.l(indicate_semi.o)
    0x0800025e   0x0800025e   0x00000028   Code   RO         3626    i.App_ClampFloat    motion_control.o
    0x08000286   0x08000286   0x00000028   Code   RO         3761    i.App_ClampFloat    pid.o
    0x080002ae   0x080002ae   0x0000000a   Code   RO         3196    i.BusFault_Handler  stm32f10x_it.o
    0x080002b8   0x080002b8   0x00000020   Code   RO          882    i.DBGMCU_Config     stm32f10x_dbgmcu.o
    0x080002d8   0x080002d8   0x0000007c   Code   RO         3318    i.Encoder_BspInit   bsp_encoder.o
    0x08000354   0x08000354   0x00000024   Code   RO         3319    i.Encoder_GetLeftDelta  bsp_encoder.o
    0x08000378   0x08000378   0x00000028   Code   RO         3320    i.Encoder_GetRightDelta  bsp_encoder.o
    0x080003a0   0x080003a0   0x00000116   Code   RO         1347    i.GPIO_Init         stm32f10x_gpio.o
    0x080004b6   0x080004b6   0x00000012   Code   RO         1351    i.GPIO_ReadInputDataBit  stm32f10x_gpio.o
    0x080004c8   0x080004c8   0x00000004   Code   RO         1354    i.GPIO_ResetBits    stm32f10x_gpio.o
    0x080004cc   0x080004cc   0x00000004   Code   RO         1355    i.GPIO_SetBits      stm32f10x_gpio.o
    0x080004d0   0x080004d0   0x00000010   Code   RO         1356    i.GPIO_StructInit   stm32f10x_gpio.o
    0x080004e0   0x080004e0   0x0000000a   Code   RO         3197    i.HardFault_Handler  stm32f10x_it.o
    0x080004ea   0x080004ea   0x00000002   PAD
    0x080004ec   0x080004ec   0x00000010   Code   RO         1665    i.IWDG_Enable       stm32f10x_iwdg.o
    0x080004fc   0x080004fc   0x00000010   Code   RO         1667    i.IWDG_ReloadCounter  stm32f10x_iwdg.o
    0x0800050c   0x0800050c   0x0000000c   Code   RO         1668    i.IWDG_SetPrescaler  stm32f10x_iwdg.o
    0x08000518   0x08000518   0x0000000c   Code   RO         1669    i.IWDG_SetReload    stm32f10x_iwdg.o
    0x08000524   0x08000524   0x0000000c   Code   RO         1670    i.IWDG_WriteAccessCmd  stm32f10x_iwdg.o
    0x08000530   0x08000530   0x0000000a   Code   RO         3198    i.MemManage_Handler  stm32f10x_it.o
    0x0800053a   0x0800053a   0x00000002   PAD
    0x0800053c   0x0800053c   0x00000024   Code   RO         3627    i.Motion_ClearEmergencyStop  motion_control.o
    0x08000560   0x08000560   0x000000c4   Code   RO         3628    i.Motion_CommandGoal  motion_control.o
    0x08000624   0x08000624   0x00000070   Code   RO         3629    i.Motion_CommandVelocity  motion_control.o
    0x08000694   0x08000694   0x00000014   Code   RO         3630    i.Motion_EmergencyStop  motion_control.o
    0x080006a8   0x080006a8   0x00000040   Code   RO         3631    i.Motion_GetTelemetry  motion_control.o
    0x080006e8   0x080006e8   0x00000050   Code   RO         3632    i.Motion_Init       motion_control.o
    0x08000738   0x08000738   0x00000024   Code   RO         3633    i.Motion_Stop       motion_control.o
    0x0800075c   0x0800075c   0x0000017c   Code   RO         3634    i.Motion_Update     motion_control.o
    0x080008d8   0x080008d8   0x00000128   Code   RO         3355    i.Motor_BspInit     bsp_motor.o
    0x08000a00   0x08000a00   0x0000003c   Code   RO         3356    i.Motor_Coast       bsp_motor.o
    0x08000a3c   0x08000a3c   0x0000005c   Code   RO         3357    i.Motor_SetPwm      bsp_motor.o
    0x08000a98   0x08000a98   0x00000008   Code   RO         3358    i.Motor_Stop        bsp_motor.o
    0x08000aa0   0x08000aa0   0x00000070   Code   RO          137    i.NVIC_Init         misc.o
    0x08000b10   0x08000b10   0x00000014   Code   RO          138    i.NVIC_PriorityGroupConfig  misc.o
    0x08000b24   0x08000b24   0x00000024   Code   RO         3199    i.NVIC_SystemReset  stm32f10x_it.o
    0x08000b48   0x08000b48   0x0000012c   Code   RO         3425    i.OLED_BspInit      bsp_oled.o
    0x08000c74   0x08000c74   0x00000048   Code   RO         3426    i.OLED_Clear        bsp_oled.o
    0x08000cbc   0x08000cbc   0x00000294   Code   RO         3427    i.OLED_ShowTelemetry  bsp_oled.o
    0x08000f50   0x08000f50   0x0000001c   Code   RO         3762    i.PID_Init          pid.o
    0x08000f6c   0x08000f6c   0x0000000a   Code   RO         3763    i.PID_Reset         pid.o
    0x08000f76   0x08000f76   0x00000002   PAD
    0x08000f78   0x08000f78   0x0000014c   Code   RO         3764    i.PID_Update        pid.o
    0x080010c4   0x080010c4   0x00000144   Code   RO         3790    i.Protocol_FeedByte  protocol.o
    0x08001208   0x08001208   0x00000060   Code   RO         3791    i.Protocol_GetCommand  protocol.o
    0x08001268   0x08001268   0x00000068   Code   RO         3792    i.Protocol_GetDiagnostics  protocol.o
    0x080012d0   0x080012d0   0x0000004c   Code   RO         3793    i.Protocol_Init     protocol.o
    0x0800131c   0x0800131c   0x000000a8   Code   RO         3794    i.Protocol_SendTelemetry  protocol.o
    0x080013c4   0x080013c4   0x00000020   Code   RO         1775    i.RCC_APB1PeriphClockCmd  stm32f10x_rcc.o
    0x080013e4   0x080013e4   0x00000020   Code   RO         1777    i.RCC_APB2PeriphClockCmd  stm32f10x_rcc.o
    0x08001404   0x08001404   0x000000d4   Code   RO         1785    i.RCC_GetClocksFreq  stm32f10x_rcc.o
    0x080014d8   0x080014d8   0x00000008   Code   RO           24    i.SetSysClock       system_stm32f10x.o
    0x080014e0   0x080014e0   0x000000e0   Code   RO           25    i.SetSysClockTo72   system_stm32f10x.o
    0x080015c0   0x080015c0   0x00000058   Code   RO         3558    i.SysTick_BspInit   bsp_systick.o
    0x08001618   0x08001618   0x00000008   Code   RO         3200    i.SysTick_Handler   stm32f10x_it.o
    0x08001620   0x08001620   0x00000010   Code   RO         3559    i.SysTick_IncTick   bsp_systick.o
    0x08001630   0x08001630   0x0000000c   Code   RO         3560    i.SysTick_Millis    bsp_systick.o
    0x0800163c   0x0800163c   0x00000060   Code   RO           27    i.SystemInit        system_stm32f10x.o
    0x0800169c   0x0800169c   0x00000080   Code   RO         2405    i.TI1_Config        stm32f10x_tim.o
    0x0800171c   0x0800171c   0x00000098   Code   RO         2406    i.TI2_Config        stm32f10x_tim.o
    0x080017b4   0x080017b4   0x00000090   Code   RO         2407    i.TI3_Config        stm32f10x_tim.o
    0x08001844   0x08001844   0x00000098   Code   RO         2408    i.TI4_Config        stm32f10x_tim.o
    0x080018dc   0x080018dc   0x00000018   Code   RO         2409    i.TIM_ARRPreloadConfig  stm32f10x_tim.o
    0x080018f4   0x080018f4   0x00000018   Code   RO         2421    i.TIM_Cmd           stm32f10x_tim.o
    0x0800190c   0x0800190c   0x00000042   Code   RO         2430    i.TIM_EncoderInterfaceConfig  stm32f10x_tim.o
    0x0800194e   0x0800194e   0x00000006   Code   RO         2440    i.TIM_GetCounter    stm32f10x_tim.o
    0x08001954   0x08001954   0x000000ac   Code   RO         2444    i.TIM_ICInit        stm32f10x_tim.o
    0x08001a00   0x08001a00   0x00000012   Code   RO         2445    i.TIM_ICStructInit  stm32f10x_tim.o
    0x08001a12   0x08001a12   0x00000002   PAD
    0x08001a14   0x08001a14   0x00000098   Code   RO         2450    i.TIM_OC1Init       stm32f10x_tim.o
    0x08001aac   0x08001aac   0x00000012   Code   RO         2453    i.TIM_OC1PreloadConfig  stm32f10x_tim.o
    0x08001abe   0x08001abe   0x00000002   PAD
    0x08001ac0   0x08001ac0   0x000000a4   Code   RO         2455    i.TIM_OC2Init       stm32f10x_tim.o
    0x08001b64   0x08001b64   0x0000001a   Code   RO         2458    i.TIM_OC2PreloadConfig  stm32f10x_tim.o
    0x08001b7e   0x08001b7e   0x00000014   Code   RO         2468    i.TIM_OCStructInit  stm32f10x_tim.o
    0x08001b92   0x08001b92   0x00000004   Code   RO         2482    i.TIM_SetCompare1   stm32f10x_tim.o
    0x08001b96   0x08001b96   0x00000004   Code   RO         2483    i.TIM_SetCompare2   stm32f10x_tim.o
    0x08001b9a   0x08001b9a   0x00000004   Code   RO         2486    i.TIM_SetCounter    stm32f10x_tim.o
    0x08001b9e   0x08001b9e   0x00000012   Code   RO         2487    i.TIM_SetIC1Prescaler  stm32f10x_tim.o
    0x08001bb0   0x08001bb0   0x0000001a   Code   RO         2488    i.TIM_SetIC2Prescaler  stm32f10x_tim.o
    0x08001bca   0x08001bca   0x00000012   Code   RO         2489    i.TIM_SetIC3Prescaler  stm32f10x_tim.o
    0x08001bdc   0x08001bdc   0x0000001a   Code   RO         2490    i.TIM_SetIC4Prescaler  stm32f10x_tim.o
    0x08001bf6   0x08001bf6   0x00000002   PAD
    0x08001bf8   0x08001bf8   0x000000a4   Code   RO         2492    i.TIM_TimeBaseInit  stm32f10x_tim.o
    0x08001c9c   0x08001c9c   0x00000012   Code   RO         2493    i.TIM_TimeBaseStructInit  stm32f10x_tim.o
    0x08001cae   0x08001cae   0x00000002   PAD
    0x08001cb0   0x08001cb0   0x000000b8   Code   RO         3593    i.USART1_BspInit    bsp_usart.o
    0x08001d68   0x08001d68   0x00000068   Code   RO         3201    i.USART1_IRQHandler  stm32f10x_it.o
    0x08001dd0   0x08001dd0   0x000000b8   Code   RO         3594    i.USART1_SendBuffer  bsp_usart.o
    0x08001e88   0x08001e88   0x00000058   Code   RO         3596    i.USART1_TxIrqHandler  bsp_usart.o
    0x08001ee0   0x08001ee0   0x0000001e   Code   RO         2957    i.USART_ClearITPendingBit  stm32f10x_usart.o
    0x08001efe   0x08001efe   0x00000018   Code   RO         2960    i.USART_Cmd         stm32f10x_usart.o
    0x08001f16   0x08001f16   0x0000001a   Code   RO         2963    i.USART_GetFlagStatus  stm32f10x_usart.o
    0x08001f30   0x08001f30   0x00000054   Code   RO         2964    i.USART_GetITStatus  stm32f10x_usart.o
    0x08001f84   0x08001f84   0x0000004a   Code   RO         2966    i.USART_ITConfig    stm32f10x_usart.o
    0x08001fce   0x08001fce   0x00000002   PAD
    0x08001fd0   0x08001fd0   0x000000d8   Code   RO         2967    i.USART_Init        stm32f10x_usart.o
    0x080020a8   0x080020a8   0x0000000a   Code   RO         2974    i.USART_ReceiveData  stm32f10x_usart.o
    0x080020b2   0x080020b2   0x00000008   Code   RO         2977    i.USART_SendData    stm32f10x_usart.o
    0x080020ba   0x080020ba   0x00000018   Code   RO         2983    i.USART_StructInit  stm32f10x_usart.o
    0x080020d2   0x080020d2   0x0000000a   Code   RO         3202    i.UsageFault_Handler  stm32f10x_it.o
    0x080020dc   0x080020dc   0x00000026   Code   RO         3942    i.__ARM_fpclassifyf  m_ws.l(fpclassifyf.o)
    0x08002102   0x08002102   0x00000006   Code   RO         3945    i.__mathlib_flt_infnan  m_ws.l(funder.o)
    0x08002108   0x08002108   0x00000004   Code   RO         3946    i.__mathlib_flt_infnan2  m_ws.l(funder.o)
    0x0800210c   0x0800210c   0x00000008   Code   RO         3947    i.__mathlib_flt_invalid  m_ws.l(funder.o)
    0x08002114   0x08002114   0x0000000a   Code   RO         3950    i.__mathlib_flt_underflow  m_ws.l(funder.o)
    0x0800211e   0x0800211e   0x00000002   PAD
    0x08002120   0x08002120   0x00000168   Code   RO         3958    i.__mathlib_rredf2  m_ws.l(rredf.o)
    0x08002288   0x08002288   0x00000018   Code   RO         3359    i.abs_limit_pwm     bsp_motor.o
    0x080022a0   0x080022a0   0x000002a4   Code   RO         3897    i.atan2f            m_ws.l(atan2f.o)
    0x08002544   0x08002544   0x00000040   Code   RO         3635    i.clear_pose_and_speed  motion_control.o
    0x08002584   0x08002584   0x0000017c   Code   RO         3905    i.cosf              m_ws.l(cosf.o)
    0x08002700   0x08002700   0x000000bc   Code   RO         3795    i.decode_frame      protocol.o
    0x080027bc   0x080027bc   0x00000074   Code   RO         3321    i.encoder_timer_init  bsp_encoder.o
    0x08002830   0x08002830   0x0000007c   Code   RO         3636    i.fast_sincos       motion_control.o
    0x080028ac   0x080028ac   0x0000001c   Code   RO         3203    i.fault_shutdown_motor  stm32f10x_it.o
    0x080028c8   0x080028c8   0x0000007c   Code   RO         3428    i.font5x7           bsp_oled.o
    0x08002944   0x08002944   0x0000000e   Code   RO         3796    i.get_i16_le        protocol.o
    0x08002952   0x08002952   0x0000000c   Code   RO         3797    i.get_u16_le        protocol.o
    0x0800295e   0x0800295e   0x00000002   PAD
    0x08002960   0x08002960   0x000001ac   Code   RO         3637    i.goal_controller   motion_control.o
    0x08002b0c   0x08002b0c   0x00000014   Code   RO         3429    i.i2c_start         bsp_oled.o
    0x08002b20   0x08002b20   0x00000010   Code   RO         3430    i.i2c_stop          bsp_oled.o
    0x08002b30   0x08002b30   0x00000054   Code   RO         3431    i.i2c_write_byte    bsp_oled.o
    0x08002b84   0x08002b84   0x00000060   Code   RO         3638    i.limit_command_accel  motion_control.o
    0x08002be4   0x08002be4   0x00000012   Code   RO         3432    i.line_finish       bsp_oled.o
    0x08002bf6   0x08002bf6   0x0000000a   Code   RO         3433    i.line_put_char     bsp_oled.o
    0x08002c00   0x08002c00   0x00000026   Code   RO         3434    i.line_put_i32      bsp_oled.o
    0x08002c26   0x08002c26   0x00000014   Code   RO         3435    i.line_put_str      bsp_oled.o
    0x08002c3a   0x08002c3a   0x00000042   Code   RO         3436    i.line_put_u32      bsp_oled.o
    0x08002c7c   0x08002c7c   0x00000090   Code   RO         3261    i.main              main.o
    0x08002d0c   0x08002d0c   0x0000004c   Code   RO         3437    i.mode_text         bsp_oled.o
    0x08002d58   0x08002d58   0x00000010   Code   RO         3360    i.motor_disable_driver  bsp_motor.o
    0x08002d68   0x08002d68   0x00000010   Code   RO         3361    i.motor_enable_driver  bsp_motor.o
    0x08002d78   0x08002d78   0x00000070   Code   RO         3639    i.normalize_mrad    motion_control.o
    0x08002de8   0x08002de8   0x0000000a   Code   RO         3438    i.oled_begin_data   bsp_oled.o
    0x08002df2   0x08002df2   0x00000024   Code   RO         3439    i.oled_begin_write  bsp_oled.o
    0x08002e16   0x08002e16   0x0000001c   Code   RO         3440    i.oled_delay        bsp_oled.o
    0x08002e32   0x08002e32   0x00000024   Code   RO         3441    i.oled_set_pos      bsp_oled.o
    0x08002e56   0x08002e56   0x00000026   Code   RO         3442    i.oled_write_char_stream  bsp_oled.o
    0x08002e7c   0x08002e7c   0x00000018   Code   RO         3443    i.oled_write_cmd    bsp_oled.o
    0x08002e94   0x08002e94   0x00000050   Code   RO         3444    i.oled_write_line   bsp_oled.o
    0x08002ee4   0x08002ee4   0x00000050   Code   RO         3262    i.process_command   main.o
    0x08002f34   0x08002f34   0x000000a8   Code   RO         3798    i.publish_command   protocol.o
    0x08002fdc   0x08002fdc   0x00000010   Code   RO         3799    i.put_i16_le        protocol.o
    0x08002fec   0x08002fec   0x00000008   Code   RO         3800    i.put_u16_le        protocol.o
    0x08002ff4   0x08002ff4   0x00000014   Code   RO         3362    i.pwm_compare_for_cmd  bsp_motor.o
    0x08003008   0x08003008   0x00000024   Code   RO         3640    i.pwm_from_float    motion_control.o
    0x0800302c   0x0800302c   0x00000028   Code   RO         3801    i.rx_resync_from_byte  protocol.o
    0x08003054   0x08003054   0x00000018   Code   RO         3445    i.scl_high          bsp_oled.o
    0x0800306c   0x0800306c   0x00000018   Code   RO         3446    i.scl_low           bsp_oled.o
    0x08003084   0x08003084   0x00000018   Code   RO         3447    i.sda_high          bsp_oled.o
    0x0800309c   0x0800309c   0x00000018   Code   RO         3448    i.sda_low           bsp_oled.o
    0x080030b4   0x080030b4   0x0000005c   Code   RO         3263    i.send_telemetry    main.o
    0x08003110   0x08003110   0x00000014   Code   RO         3364    i.set_coast         bsp_motor.o
    0x08003124   0x08003124   0x00000046   Code   RO         3365    i.set_dir           bsp_motor.o
    0x0800316a   0x0800316a   0x00000002   PAD
    0x0800316c   0x0800316c   0x00000188   Code   RO         3913    i.sinf              m_ws.l(sinf.o)
    0x080032f4   0x080032f4   0x00000046   Code   RO         3641    i.slew_limit        motion_control.o
    0x0800333a   0x0800333a   0x0000002c   Code   RO         3921    i.sqrtf             m_ws.l(sqrtf.o)
    0x08003366   0x08003366   0x00000002   PAD
    0x08003368   0x08003368   0x00000040   Code   RO         3642    i.stop_and_reset_pid  motion_control.o
    0x080033a8   0x080033a8   0x00000018   Code   RO         3322    i.timer_delta       bsp_encoder.o
    0x080033c0   0x080033c0   0x00000038   Code   RO         3264    i.to_i16            main.o
    0x080033f8   0x080033f8   0x0000001a   Code   RO         3643    i.update_encoder_feedback  motion_control.o
    0x08003412   0x08003412   0x00000002   PAD
    0x08003414   0x08003414   0x0000005c   Code   RO         3644    i.update_encoder_feedback_from_ticks  motion_control.o
    0x08003470   0x08003470   0x000000f0   Code   RO         3645    i.update_heading_vector  motion_control.o
    0x08003560   0x08003560   0x000000f4   Code   RO         3646    i.update_odometry   motion_control.o
    0x08003654   0x08003654   0x0000001c   Code   RO         3265    i.update_oled       main.o
    0x08003670   0x08003670   0x00000008   Code   RO         3266    i.watchdog_feed     main.o
    0x08003678   0x08003678   0x0000002a   Code   RO         3267    i.watchdog_init     main.o
    0x080036a2   0x080036a2   0x00000002   PAD
    0x080036a4   0x080036a4   0x000000c4   Code   RO         3870    x$fpl$fadd          fz_ws.l(faddsub_clz.o)
    0x08003768   0x08003768   0x0000000c   Code   RO         3996    x$fpl$fcheck1       fz_ws.l(fcheck1.o)
    0x08003774   0x08003774   0x00000018   Code   RO         3931    x$fpl$fcmpinf       fz_ws.l(fcmpi.o)
    0x0800378c   0x0800378c   0x00000184   Code   RO         3877    x$fpl$fdiv          fz_ws.l(fdiv.o)
    0x08003910   0x08003910   0x00000036   Code   RO         3880    x$fpl$ffix          fz_ws.l(ffix.o)
    0x08003946   0x08003946   0x00000002   PAD
    0x08003948   0x08003948   0x00000030   Code   RO         3885    x$fpl$fflt          fz_ws.l(fflt_clz.o)
    0x08003978   0x08003978   0x00000026   Code   RO         3884    x$fpl$ffltu         fz_ws.l(fflt_clz.o)
    0x0800399e   0x0800399e   0x00000002   PAD
    0x080039a0   0x080039a0   0x00000068   Code   RO         3890    x$fpl$fleqf         fz_ws.l(fleqf.o)
    0x08003a08   0x08003a08   0x00000102   Code   RO         3892    x$fpl$fmul          fz_ws.l(fmul.o)
    0x08003b0a   0x08003b0a   0x0000008c   Code   RO         3933    x$fpl$fnaninf       fz_ws.l(fnaninf.o)
    0x08003b96   0x08003b96   0x0000000a   Code   RO         3935    x$fpl$fretinf       fz_ws.l(fretinf.o)
    0x08003ba0   0x08003ba0   0x00000062   Code   RO         3894    x$fpl$frleqf        fz_ws.l(frleqf.o)
    0x08003c02   0x08003c02   0x00000002   PAD
    0x08003c04   0x08003c04   0x00000060   Code   RO         3937    x$fpl$frnd          fz_ws.l(frnd.o)
    0x08003c64   0x08003c64   0x00000014   Code   RO         3871    x$fpl$frsb          fz_ws.l(faddsub_clz.o)
    0x08003c78   0x08003c78   0x00000110   Code   RO         3939    x$fpl$fsqrt         fz_ws.l(fsqrt.o)
    0x08003d88   0x08003d88   0x000000ea   Code   RO         3872    x$fpl$fsub          fz_ws.l(faddsub_clz.o)
    0x08003e72   0x08003e72   0x00000064   Code   RO         4045    x$fpl$retnan        fz_ws.l(retnan.o)
    0x08003ed6   0x08003ed6   0x0000004c   Code   RO         3981    x$fpl$scalbnf       fz_ws.l(scalbnf.o)
    0x08003f22   0x08003f22   0x00000030   Code   RO         4058    x$fpl$trapveneer    fz_ws.l(trapv.o)
    0x08003f52   0x08003f52   0x00000000   Code   RO         3941    x$fpl$usenofp       fz_ws.l(usenofp.o)
    0x08003f52   0x08003f52   0x000000cd   Data   RO         3449    .constdata          bsp_oled.o
    0x0800401f   0x0800401f   0x00000001   PAD
    0x08004020   0x08004020   0x00000020   Data   RO         3959    .constdata          m_ws.l(rredf.o)
    0x08004040   0x08004040   0x00000020   Data   RO         4128    Region$$Table       anon$$obj.o


    Execution Region RW_IRAM1 (Exec base: 0x20000000, Load base: 0x08004060, Size: 0x000007c8, Max: 0x00005000, ABSOLUTE)

    Exec Addr    Load Addr    Size         Type   Attr      Idx    E Section Name        Object

    0x20000000   0x08004060   0x00000014   Data   RW         1805    .data               stm32f10x_rcc.o
    0x20000014   0x08004074   0x00000004   Data   RW         3323    .data               bsp_encoder.o
    0x20000018   0x08004078   0x00000008   Data   RW         3450    .data               bsp_oled.o
    0x20000020   0x08004080   0x00000004   Data   RW         3561    .data               bsp_systick.o
    0x20000024   0x08004084   0x00000005   Data   RW         3598    .data               bsp_usart.o
    0x20000029   0x08004089   0x00000003   PAD
    0x2000002c   0x0800408c   0x00000041   Data   RW         3648    .data               motion_control.o
    0x2000006d   0x080040cd   0x00000008   Data   RW         3803    .data               protocol.o
    0x20000075   0x080040d5   0x00000003   PAD
    0x20000078        -       0x00000040   Zero   RW         3597    .bss                bsp_usart.o
    0x200000b8        -       0x0000004c   Zero   RW         3647    .bss                motion_control.o
    0x20000104        -       0x00000064   Zero   RW         3802    .bss                protocol.o
    0x20000168        -       0x00000060   Zero   RW         3984    .bss                c_w.l(libspace.o)
    0x200001c8        -       0x00000200   Zero   RW            2    HEAP                startup_stm32f10x_md.o
    0x200003c8        -       0x00000400   Zero   RW            1    STACK               startup_stm32f10x_md.o


==============================================================================

Image component sizes


      Code (inc. data)   RO Data    RW Data    ZI Data      Debug   Object Name

       340         36          0          4          0       2873   bsp_encoder.o
       622         36          0          0          0       5010   bsp_motor.o
      1852        218        205          8          0      12205   bsp_oled.o
       116         24          0          4          0      16764   bsp_systick.o
       456         54          0          5         64       2315   bsp_usart.o
         0          0          0          0          0       4508   core_cm3.o
       450         16          0          0          0       4099   main.o
       132         22          0          0          0     204515   misc.o
      2560        420          0         65         76      13335   motion_control.o
       410         10          0          0          0       3016   pid.o
      1214        112          0          8        100       6669   protocol.o
        64         26        236          0       1536        776   startup_stm32f10x_md.o
         0          0          0          0          0       1608   stm32f10x_adc.o
        32          6          0          0          0        472   stm32f10x_dbgmcu.o
       320          0          0          0          0      11946   stm32f10x_gpio.o
       216         22          0          0          0      19309   stm32f10x_it.o
        68         30          0          0          0       2054   stm32f10x_iwdg.o
       276         32          0         20          0      12686   stm32f10x_rcc.o
      1548        180          0          0          0      33625   stm32f10x_tim.o
       496          6          0          0          0      12466   stm32f10x_usart.o
       328         28          0          0          0      44841   system_stm32f10x.o

    ----------------------------------------------------------------------
     11524       1278        474        120       1776     415092   Object Totals
         0          0         32          0          0          0   (incl. Generated)
        24          0          1          6          0          0   (incl. Padding)

    ----------------------------------------------------------------------

      Code (inc. data)   RO Data    RW Data    ZI Data      Debug   Library Member Name

         8          0          0          0          0         68   __main.o
         0          0          0          0          0          0   __rtentry.o
        12          0          0          0          0          0   __rtentry2.o
         6          0          0          0          0          0   __rtentry4.o
        52          8          0          0          0          0   __scatter.o
        26          0          0          0          0          0   __scatter_copy.o
        28          0          0          0          0          0   __scatter_zi.o
        22          0          0          0          0        100   _rserrno.o
        18          0          0          0          0         80   exit.o
         6          0          0          0          0        152   heapauxi.o
         0          0          0          0          0          0   indicate_semi.o
         2          0          0          0          0          0   libinit.o
         2          0          0          0          0          0   libinit2.o
         2          0          0          0          0          0   libshutdown.o
         2          0          0          0          0          0   libshutdown2.o
         8          4          0          0         96         68   libspace.o
         8          4          0          0          0         68   rt_errno_addr_intlibspace.o
         2          0          0          0          0          0   rtexit.o
        10          0          0          0          0          0   rtexit2.o
        12          4          0          0          0         68   sys_exit.o
        74          0          0          0          0         80   sys_stackheap_outer.o
         2          0          0          0          0         68   use_no_semi.o
       450          8          0          0          0        236   faddsub_clz.o
        12          4          0          0          0         68   fcheck1.o
        24          0          0          0          0         68   fcmpi.o
       388         76          0          0          0         96   fdiv.o
        54          4          0          0          0         84   ffix.o
        86          0          0          0          0        136   fflt_clz.o
       104          4          0          0          0         84   fleqf.o
       258          4          0          0          0         84   fmul.o
       140          4          0          0          0         84   fnaninf.o
        10          0          0          0          0         68   fretinf.o
        98          0          0          0          0         68   frleqf.o
        96          4          0          0          0         76   frnd.o
       272        100          0          0          0         88   fsqrt.o
       100          0          0          0          0         68   retnan.o
        76          0          0          0          0         68   scalbnf.o
        48          0          0          0          0         68   trapv.o
         0          0          0          0          0          0   usenofp.o
       676         78          0          0          0        116   atan2f.o
       380         52          0          0          0        124   cosf.o
        38          0          0          0          0         68   fpclassifyf.o
        28          0          0          0          0        272   funder.o
       360         16         32          0          0         88   rredf.o
       392         54          0          0          0        124   sinf.o
        44          0          0          0          0         80   sqrtf.o

    ----------------------------------------------------------------------
      4450        428         32          0         96       3068   Library Totals
        14          0          0          0          0          0   (incl. Padding)

    ----------------------------------------------------------------------

      Code (inc. data)   RO Data    RW Data    ZI Data      Debug   Library Name

       302         20          0          0         96        752   c_w.l
      2216        208          0          0          0       1444   fz_ws.l
      1918        200         32          0          0        872   m_ws.l

    ----------------------------------------------------------------------
      4450        428         32          0         96       3068   Library Totals

    ----------------------------------------------------------------------

==============================================================================


      Code (inc. data)   RO Data    RW Data    ZI Data      Debug   

     15974       1706        506        120       1872     408848   Grand Totals
     15974       1706        506        120       1872     408848   ELF Image Totals
     15974       1706        506        120          0          0   ROM Totals

==============================================================================

    Total RO  Size (Code + RO Data)                16480 (  16.09kB)
    Total RW  Size (RW Data + ZI Data)              1992 (   1.95kB)
    Total ROM Size (Code + RO Data + RW Data)      16600 (  16.21kB)

==============================================================================

